Archive member included to satisfy reference by file (symbol)

/opt/st/stm32cubeide_1.15.0/plugins/com.st.stm32cube.ide.mcu.externaltools.gnu-tools-for-stm32.12.3.rel1.linux64_1.0.100.202403111256/tools/bin/../lib/gcc/arm-none-eabi/12.3.1/../../../../arm-none-eabi/lib/thumb/v7e-m+fp/hard/libc_nano.a(libc_a-exit.o)
                              /opt/st/stm32cubeide_1.15.0/plugins/com.st.stm32cube.ide.mcu.externaltools.gnu-tools-for-stm32.12.3.rel1.linux64_1.0.100.202403111256/tools/bin/../lib/gcc/arm-none-eabi/12.3.1/../../../../arm-none-eabi/lib/thumb/v7e-m+fp/hard/crt0.o (exit)
/opt/st/stm32cubeide_1.15.0/plugins/com.st.stm32cube.ide.mcu.externaltools.gnu-tools-for-stm32.12.3.rel1.linux64_1.0.100.202403111256/tools/bin/../lib/gcc/arm-none-eabi/12.3.1/../../../../arm-none-eabi/lib/thumb/v7e-m+fp/hard/libc_nano.a(libc_a-findfp.o)
                              ./thirdparty/FreeRTOS/tasks.o (__sf)
/opt/st/stm32cubeide_1.15.0/plugins/com.st.stm32cube.ide.mcu.externaltools.gnu-tools-for-stm32.12.3.rel1.linux64_1.0.100.202403111256/tools/bin/../lib/gcc/arm-none-eabi/12.3.1/../../../../arm-none-eabi/lib/thumb/v7e-m+fp/hard/libc_nano.a(libc_a-fwalk.o)
                              /opt/st/stm32cubeide_1.15.0/plugins/com.st.stm32cube.ide.mcu.externaltools.gnu-tools-for-stm32.12.3.rel1.linux64_1.0.100.202403111256/tools/bin/../lib/gcc/arm-none-eabi/12.3.1/../../../../arm-none-eabi/lib/thumb/v7e-m+fp/hard/libc_nano.a(libc_a-findfp.o) (_fwalk_sglue)
/opt/st/stm32cubeide_1.15.0/plugins/com.st.stm32cube.ide.mcu.externaltools.gnu-tools-for-stm32.12.3.rel1.linux64_1.0.100.202403111256/tools/bin/../lib/gcc/arm-none-eabi/12.3.1/../../../../arm-none-eabi/lib/thumb/v7e-m+fp/hard/libc_nano.a(libc_a-stdio.o)
                              /opt/st/stm32cubeide_1.15.0/plugins/com.st.stm32cube.ide.mcu.externaltools.gnu-tools-for-stm32.12.3.rel1.linux64_1.0.100.202403111256/tools/bin/../lib/gcc/arm-none-eabi/12.3.1/../../../../arm-none-eabi/lib/thumb/v7e-m+fp/hard/libc_nano.a(libc_a-findfp.o) (__sread)
/opt/st/stm32cubeide_1.15.0/plugins/com.st.stm32cube.ide.mcu.externaltools.gnu-tools-for-stm32.12.3.rel1.linux64_1.0.100.202403111256/tools/bin/../lib/gcc/arm-none-eabi/12.3.1/../../../../arm-none-eabi/lib/thumb/v7e-m+fp/hard/libc_nano.a(libc_a-memset.o)
                              /opt/st/stm32cubeide_1.15.0/plugins/com.st.stm32cube.ide.mcu.externaltools.gnu-tools-for-stm32.12.3.rel1.linux64_1.0.100.202403111256/tools/bin/../lib/gcc/arm-none-eabi/12.3.1/../../../../arm-none-eabi/lib/thumb/v7e-m+fp/hard/crt0.o (memset)
/opt/st/stm32cubeide_1.15.0/plugins/com.st.stm32cube.ide.mcu.externaltools.gnu-tools-for-stm32.12.3.rel1.linux64_1.0.100.202403111256/tools/bin/../lib/gcc/arm-none-eabi/12.3.1/../../../../arm-none-eabi/lib/thumb/v7e-m+fp/hard/libc_nano.a(libc_a-closer.o)
                              /opt/st/stm32cubeide_1.15.0/plugins/com.st.stm32cube.ide.mcu.externaltools.gnu-tools-for-stm32.12.3.rel1.linux64_1.0.100.202403111256/tools/bin/../lib/gcc/arm-none-eabi/12.3.1/../../../../arm-none-eabi/lib/thumb/v7e-m+fp/hard/libc_nano.a(libc_a-stdio.o) (_close_r)
/opt/st/stm32cubeide_1.15.0/plugins/com.st.stm32cube.ide.mcu.externaltools.gnu-tools-for-stm32.12.3.rel1.linux64_1.0.100.202403111256/tools/bin/../lib/gcc/arm-none-eabi/12.3.1/../../../../arm-none-eabi/lib/thumb/v7e-m+fp/hard/libc_nano.a(libc_a-reent.o)
                              ./thirdparty/FreeRTOS/tasks.o (_reclaim_reent)
/opt/st/stm32cubeide_1.15.0/plugins/com.st.stm32cube.ide.mcu.externaltools.gnu-tools-for-stm32.12.3.rel1.linux64_1.0.100.202403111256/tools/bin/../lib/gcc/arm-none-eabi/12.3.1/../../../../arm-none-eabi/lib/thumb/v7e-m+fp/hard/libc_nano.a(libc_a-impure.o)
                              ./thirdparty/FreeRTOS/tasks.o (_impure_ptr)
/opt/st/stm32cubeide_1.15.0/plugins/com.st.stm32cube.ide.mcu.externaltools.gnu-tools-for-stm32.12.3.rel1.linux64_1.0.100.202403111256/tools/bin/../lib/gcc/arm-none-eabi/12.3.1/../../../../arm-none-eabi/lib/thumb/v7e-m+fp/hard/libc_nano.a(libc_a-lseekr.o)
                              /opt/st/stm32cubeide_1.15.0/plugins/com.st.stm32cube.ide.mcu.externaltools.gnu-tools-for-stm32.12.3.rel1.linux64_1.0.100.202403111256/tools/bin/../lib/gcc/arm-none-eabi/12.3.1/../../../../arm-none-eabi/lib/thumb/v7e-m+fp/hard/libc_nano.a(libc_a-stdio.o) (_lseek_r)
/opt/st/stm32cubeide_1.15.0/plugins/com.st.stm32cube.ide.mcu.externaltools.gnu-tools-for-stm32.12.3.rel1.linux64_1.0.100.202403111256/tools/bin/../lib/gcc/arm-none-eabi/12.3.1/../../../../arm-none-eabi/lib/thumb/v7e-m+fp/hard/libc_nano.a(libc_a-readr.o)
                              /opt/st/stm32cubeide_1.15.0/plugins/com.st.stm32cube.ide.mcu.externaltools.gnu-tools-for-stm32.12.3.rel1.linux64_1.0.100.202403111256/tools/bin/../lib/gcc/arm-none-eabi/12.3.1/../../../../arm-none-eabi/lib/thumb/v7e-m+fp/hard/libc_nano.a(libc_a-stdio.o) (_read_r)
[...]
Memory Configuration

Name             Origin             Length             Attributes
CCMRAM           0x10000000         0x00010000         xrw
RAM              0x20000000         0x00020000         xrw
FLASH            0x08000000         0x00100000         xr
*default*        0x00000000         0xffffffff

Linker script and memory map

LOAD /opt/st/stm32cubeide_1.15.0/plugins/com.st.stm32cube.ide.mcu.externaltools.gnu-tools-for-stm32.12.3.rel1.linux64_1.0.100.202403111256/tools/bin/../lib/gcc/arm-none-eabi/12.3.1/thumb/v7e-m+fp/hard/crti.o
LOAD /opt/st/stm32cubeide_1.15.0/plugins/com.st.stm32cube.ide.mcu.externaltools.gnu-tools-for-stm32.12.3.rel1.linux64_1.0.100.202403111256/tools/bin/../lib/gcc/arm-none-eabi/12.3.1/thumb/v7e-m+fp/hard/crtbegin.o
LOAD /opt/st/stm32cubeide_1.15.0/plugins/com.st.stm32cube.ide.mcu.externaltools.gnu-tools-for-stm32.12.3.rel1.linux64_1.0.100.202403111256/tools/bin/../lib/gcc/arm-none-eabi/12.3.1/../../../../arm-none-eabi/lib/thumb/v7e-m+fp/hard/crt0.o
LOAD ./Src/itm.o
LOAD ./Src/led.o
LOAD ./Src/main.o
LOAD ./Src/syscalls.o
LOAD ./Src/sysmem.o
LOAD ./Src/system_stm32f4xx.o
LOAD ./Startup/startup_stm32f407vgtx.o
LOAD ./thirdparty/FreeRTOS/croutine.o
LOAD ./thirdparty/FreeRTOS/event_groups.o
LOAD ./thirdparty/FreeRTOS/list.o
LOAD ./thirdparty/FreeRTOS/queue.o
LOAD ./thirdparty/FreeRTOS/stream_buffer.o
LOAD ./thirdparty/FreeRTOS/tasks.o
LOAD ./thirdparty/FreeRTOS/timers.o
LOAD ./thirdparty/FreeRTOS/portable/GCC/ARM_CM4F/port.o
LOAD ./thirdparty/FreeRTOS/portable/MemMang/heap_4.o
START GROUP
LOAD /opt/st/stm32cubeide_1.15.0/plugins/com.st.stm32cube.ide.mcu.externaltools.gnu-tools-for-stm32.12.3.rel1.linux64_1.0.100.202403111256/tools/bin/../lib/gcc/arm-none-eabi/12.3.1/../../../../arm-none-eabi/lib/thumb/v7e-m+fp/hard/libc_nano.a
LOAD /opt/st/stm32cubeide_1.15.0/plugins/com.st.stm32cube.ide.mcu.externaltools.gnu-tools-for-stm32.12.3.rel1.linux64_1.0.100.202403111256/tools/bin/../lib/gcc/arm-none-eabi/12.3.1/../../../../arm-none-eabi/lib/thumb/v7e-m+fp/hard/libm.a
END GROUP
START GROUP
LOAD /opt/st/stm32cubeide_1.15.0/plugins/com.st.stm32cube.ide.mcu.externaltools.gnu-tools-for-stm32.12.3.rel1.linux64_1.0.100.202403111256/tools/bin/../lib/gcc/arm-none-eabi/12.3.1/thumb/v7e-m+fp/hard/libgcc.a
LOAD /opt/st/stm32cubeide_1.15.0/plugins/com.st.stm32cube.ide.mcu.externaltools.gnu-tools-for-stm32.12.3.rel1.linux64_1.0.100.202403111256/tools/bin/../lib/gcc/arm-none-eabi/12.3.1/../../../../arm-none-eabi/lib/thumb/v7e-m+fp/hard/libc_nano.a
END GROUP
START GROUP
LOAD /opt/st/stm32cubeide_1.15.0/plugins/com.st.stm32cube.ide.mcu.externaltools.gnu-tools-for-stm32.12.3.rel1.linux64_1.0.100.202403111256/tools/bin/../lib/gcc/arm-none-eabi/12.3.1/thumb/v7e-m+fp/hard/libgcc.a
LOAD /opt/st/stm32cubeide_1.15.0/plugins/com.st.stm32cube.ide.mcu.externaltools.gnu-tools-for-stm32.12.3.rel1.linux64_1.0.100.202403111256/tools/bin/../lib/gcc/arm-none-eabi/12.3.1/../../../../arm-none-eabi/lib/thumb/v7e-m+fp/hard/libc_nano.a
LOAD /opt/st/stm32cubeide_1.15.0/plugins/com.st.stm32cube.ide.mcu.externaltools.gnu-tools-for-stm32.12.3.rel1.linux64_1.0.100.202403111256/tools/bin/../lib/gcc/arm-none-eabi/12.3.1/../../../../arm-none-eabi/lib/thumb/v7e-m+fp/hard/libnosys.a
END GROUP
START GROUP
LOAD /opt/st/stm32cubeide_1.15.0/plugins/com.st.stm32cube.ide.mcu.externaltools.gnu-tools-for-stm32.12.3.rel1.linux64_1.0.100.202403111256/tools/bin/../lib/gcc/arm-none-eabi/12.3.1/thumb/v7e-m+fp/hard/libgcc.a
LOAD /opt/st/stm32cubeide_1.15.0/plugins/com.st.stm32cube.ide.mcu.externaltools.gnu-tools-for-stm32.12.3.rel1.linux64_1.0.100.202403111256/tools/bin/../lib/gcc/arm-none-eabi/12.3.1/../../../../arm-none-eabi/lib/thumb/v7e-m+fp/hard/libc_nano.a
LOAD /opt/st/stm32cubeide_1.15.0/plugins/com.st.stm32cube.ide.mcu.externaltools.gnu-tools-for-stm32.12.3.rel1.linux64_1.0.100.202403111256/tools/bin/../lib/gcc/arm-none-eabi/12.3.1/../../../../arm-none-eabi/lib/thumb/v7e-m+fp/hard/libnosys.a
END GROUP
LOAD /opt/st/stm32cubeide_1.15.0/plugins/com.st.stm32cube.ide.mcu.externaltools.gnu-tools-for-stm32.12.3.rel1.linux64_1.0.100.202403111256/tools/bin/../lib/gcc/arm-none-eabi/12.3.1/thumb/v7e-m+fp/hard/crtend.o
LOAD /opt/st/stm32cubeide_1.15.0/plugins/com.st.stm32cube.ide.mcu.externaltools.gnu-tools-for-stm32.12.3.rel1.linux64_1.0.100.202403111256/tools/bin/../lib/gcc/arm-none-eabi/12.3.1/thumb/v7e-m+fp/hard/crtn.o
                0x20020000                        _estack = (ORIGIN (RAM) + LENGTH (RAM))
                0x00000200                        _Min_Heap_Size = 0x200
                0x00000400                        _Min_Stack_Size = 0x400

.isr_vector     0x08000000      0x188
                0x08000000                        . = ALIGN (0x4)
 *(.isr_vector)
 .isr_vector    0x08000000      0x188 ./Startup/startup_stm32f407vgtx.o
                0x08000000                g_pfnVectors
                0x08000188                        . = ALIGN (0x4)

.text           0x08000190     0x18b4
                0x08000190                        . = ALIGN (0x4)
 *(.text)
 .text          0x08000190       0x40 /opt/st/stm32cubeide_1.15.0/plugins/com.st.stm32cube.ide.mcu.externaltools.gnu-tools-for-stm32.12.3.rel1.linux64_1.0.100.202403111256/tools/bin/../lib/gcc/arm-none-eabi/12.3.1/thumb/v7e-m+fp/hard/crtbegin.o
 *(.text*)
 .text.DelayMs  0x080001d0       0x50 ./Src/led.o
 .text.LedInit  0x08000220       0xb8 ./Src/led.o
                0x08000220                LedInit
 .text.LedOn    0x080002d8       0x2c ./Src/led.o
                0x080002d8                LedOn
 .text.LedOff   0x08000304       0x30 ./Src/led.o
                0x08000304                LedOff
 .text.LedBlink
                0x08000334       0x24 ./Src/led.o
                0x08000334                LedBlink
 .text.DelayMs  0x08000358       0x50 ./Src/main.o
 .text.vLED1AperiodicTask
                0x080003a8       0x1c ./Src/main.o
                0x080003a8                vLED1AperiodicTask
 .text.vLED2AperiodicTask
                0x080003c4       0x1c ./Src/main.o
                0x080003c4                vLED2AperiodicTask
 .text.vLED3AperiodicTask
                0x080003e0       0x1c ./Src/main.o
                0x080003e0                vLED3AperiodicTask
 .text.vLED4AperiodicTask
                0x080003fc       0x1c ./Src/main.o
                0x080003fc                vLED4AperiodicTask
 .text.main     0x08000418       0xa0 ./Src/main.o
                0x08000418                main
 .text.SystemInit
                0x080004b8        0xc ./Src/system_stm32f4xx.o
                0x080004b8                SystemInit
 .text.DWT_Init
                0x080004c4       0x60 ./Src/system_stm32f4xx.o
                0x080004c4                DWT_Init
 .text.Reset_Handler
                0x08000524       0x50 ./Startup/startup_stm32f407vgtx.o
                0x08000524                Reset_Handler
 .text.Default_Handler
                0x08000574        0x2 ./Startup/startup_stm32f407vgtx.o
                0x08000574                RTC_Alarm_IRQHandler
                0x08000574                HASH_RNG_IRQHandler
                0x08000574                EXTI2_IRQHandler
                0x08000574                TIM8_CC_IRQHandler
                0x08000574                DebugMon_Handler
                0x08000574                TIM1_CC_IRQHandler
                0x08000574                DMA2_Stream5_IRQHandler
                0x08000574                HardFault_Handler
                0x08000574                DMA1_Stream5_IRQHandler
                0x08000574                PVD_IRQHandler
                0x08000574                SDIO_IRQHandler
                0x08000574                TAMP_STAMP_IRQHandler
                0x08000574                NMI_Handler
                0x08000574                CAN2_RX1_IRQHandler
                0x08000574                EXTI3_IRQHandler
                0x08000574                TIM8_TRG_COM_TIM14_IRQHandler
                0x08000574                TIM1_UP_TIM10_IRQHandler
                0x08000574                TIM8_UP_TIM13_IRQHandler
                0x08000574                I2C3_ER_IRQHandler
                0x08000574                EXTI0_IRQHandler
                0x08000574                I2C2_EV_IRQHandler
                0x08000574                DMA1_Stream2_IRQHandler
                0x08000574                CAN1_RX0_IRQHandler
                0x08000574                FPU_IRQHandler
                0x08000574                OTG_HS_WKUP_IRQHandler
                0x08000574                UsageFault_Handler
                0x08000574                CAN2_SCE_IRQHandler
                0x08000574                DMA2_Stream2_IRQHandler
                0x08000574                SPI1_IRQHandler
                0x08000574                TIM6_DAC_IRQHandler
                0x08000574                TIM1_BRK_TIM9_IRQHandler
                0x08000574                DCMI_IRQHandler
                0x08000574                CAN2_RX0_IRQHandler
                0x08000574                DMA2_Stream3_IRQHandler
                0x08000574                USART6_IRQHandler
                0x08000574                USART3_IRQHandler
                0x08000574                CRYP_IRQHandler
                0x08000574                CAN1_RX1_IRQHandler
                0x08000574                UART5_IRQHandler
                0x08000574                DMA2_Stream0_IRQHandler
                0x08000574                TIM4_IRQHandler
                0x08000574                I2C1_EV_IRQHandler
                0x08000574                DMA1_Stream6_IRQHandler
                0x08000574                DMA1_Stream1_IRQHandler
                0x08000574                UART4_IRQHandler
                0x08000574                TIM3_IRQHandler
                0x08000574                RCC_IRQHandler
                0x08000574                TIM8_BRK_TIM12_IRQHandler
                0x08000574                Default_Handler
                0x08000574                EXTI15_10_IRQHandler
                0x08000574                ADC_IRQHandler
                0x08000574                DMA1_Stream7_IRQHandler
                0x08000574                TIM7_IRQHandler
                0x08000574                CAN2_TX_IRQHandler
                0x08000574                TIM5_IRQHandler
                0x08000574                DMA2_Stream7_IRQHandler
                0x08000574                I2C3_EV_IRQHandler
                0x08000574                EXTI9_5_IRQHandler
                0x08000574                RTC_WKUP_IRQHandler
                0x08000574                ETH_WKUP_IRQHandler
                0x08000574                SPI2_IRQHandler
                0x08000574                OTG_HS_EP1_IN_IRQHandler
                0x08000574                MemManage_Handler
                0x08000574                DMA1_Stream0_IRQHandler
                0x08000574                CAN1_TX_IRQHandler
                0x08000574                EXTI4_IRQHandler
                0x08000574                FSMC_IRQHandler
                0x08000574                ETH_IRQHandler
                0x08000574                OTG_HS_EP1_OUT_IRQHandler
                0x08000574                WWDG_IRQHandler
                0x08000574                TIM2_IRQHandler
                0x08000574                OTG_FS_WKUP_IRQHandler
                0x08000574                TIM1_TRG_COM_TIM11_IRQHandler
                0x08000574                OTG_HS_IRQHandler
                0x08000574                EXTI1_IRQHandler
                0x08000574                USART2_IRQHandler
                0x08000574                I2C2_ER_IRQHandler
                0x08000574                DMA2_Stream1_IRQHandler
                0x08000574                CAN1_SCE_IRQHandler
                0x08000574                DMA2_Stream4_IRQHandler
                0x08000574                BusFault_Handler
                0x08000574                USART1_IRQHandler
                0x08000574                OTG_FS_IRQHandler
                0x08000574                SPI3_IRQHandler
                0x08000574                DMA1_Stream4_IRQHandler
                0x08000574                I2C1_ER_IRQHandler
                0x08000574                DMA2_Stream6_IRQHandler
                0x08000574                DMA1_Stream3_IRQHandler
 .text.vListInitialise
                0x08000576       0x40 ./thirdparty/FreeRTOS/list.o
                0x08000576                vListInitialise
 .text.vListInitialiseItem
                0x080005b6       0x1a ./thirdparty/FreeRTOS/list.o
                0x080005b6                vListInitialiseItem
 .text.vListInsertEnd
                0x080005d0       0x48 ./thirdparty/FreeRTOS/list.o
                0x080005d0                vListInsertEnd
 .text.vListInsert
                0x08000618       0x72 ./thirdparty/FreeRTOS/list.o
                0x08000618                vListInsert
 .text.uxListRemove
                0x0800068a       0x54 ./thirdparty/FreeRTOS/list.o
                0x0800068a                uxListRemove
 .text.xTaskCreate
                0x080006de       0x82 ./thirdparty/FreeRTOS/tasks.o
                0x080006de                xTaskCreate
 .text.prvInitialiseNewTask
                0x08000760      0x14c ./thirdparty/FreeRTOS/tasks.o
 .text.prvAddNewTaskToReadyList
                0x080008ac       0xd4 ./thirdparty/FreeRTOS/tasks.o
 .text.vTaskDelay
                0x08000980       0x6c ./thirdparty/FreeRTOS/tasks.o
                0x08000980                vTaskDelay
 .text.vTaskStartScheduler
                0x080009ec       0xac ./thirdparty/FreeRTOS/tasks.o
                0x080009ec                vTaskStartScheduler
 .text.vTaskSuspendAll
                0x08000a98       0x1c ./thirdparty/FreeRTOS/tasks.o
                0x08000a98                vTaskSuspendAll
 .text.xTaskResumeAll
                0x08000ab4      0x13c ./thirdparty/FreeRTOS/tasks.o
                0x08000ab4                xTaskResumeAll
 .text.xTaskIncrementTick
                0x08000bf0      0x174 ./thirdparty/FreeRTOS/tasks.o
                0x08000bf0                xTaskIncrementTick
 .text.vTaskSwitchContext
                0x08000d64       0xc8 ./thirdparty/FreeRTOS/tasks.o
                0x08000d64                vTaskSwitchContext
 .text.prvIdleTask
                0x08000e2c       0x30 ./thirdparty/FreeRTOS/tasks.o
 .text.prvInitialiseTaskLists
                0x08000e5c       0x80 ./thirdparty/FreeRTOS/tasks.o
 .text.prvCheckTasksWaitingTermination
                0x08000edc       0x5c ./thirdparty/FreeRTOS/tasks.o
 .text.prvDeleteTCB
                0x08000f38       0x2a ./thirdparty/FreeRTOS/tasks.o
 *fill*         0x08000f62        0x2 
 .text.prvResetNextTaskUnblockTime
                0x08000f64       0x38 ./thirdparty/FreeRTOS/tasks.o
 .text.prvAddCurrentTaskToDelayedList
                0x08000f9c       0xcc ./thirdparty/FreeRTOS/tasks.o
 .text.pxPortInitialiseStack
                0x08001068       0x68 ./thirdparty/FreeRTOS/portable/GCC/ARM_CM4F/port.o
                0x08001068                pxPortInitialiseStack
 .text.prvTaskExitError
                0x080010d0       0x5c ./thirdparty/FreeRTOS/portable/GCC/ARM_CM4F/port.o
 *fill*         0x0800112c        0x4 
 .text.SVC_Handler
                0x08001130       0x28 ./thirdparty/FreeRTOS/portable/GCC/ARM_CM4F/port.o
                0x08001130                SVC_Handler
 .text.prvPortStartFirstTask
                0x08001158       0x2c ./thirdparty/FreeRTOS/portable/GCC/ARM_CM4F/port.o
 .text.xPortStartScheduler
                0x08001184      0x148 ./thirdparty/FreeRTOS/portable/GCC/ARM_CM4F/port.o
                0x08001184                xPortStartScheduler
 .text.vPortEnterCritical
                0x080012cc       0x64 ./thirdparty/FreeRTOS/portable/GCC/ARM_CM4F/port.o
                0x080012cc                vPortEnterCritical
 .text.vPortExitCritical
                0x08001330       0x54 ./thirdparty/FreeRTOS/portable/GCC/ARM_CM4F/port.o
                0x08001330                vPortExitCritical
 *fill*         0x08001384        0xc 
 .text.PendSV_Handler
                0x08001390       0x68 ./thirdparty/FreeRTOS/portable/GCC/ARM_CM4F/port.o
                0x08001390                PendSV_Handler
 .text.SysTick_Handler
                0x080013f8       0x44 ./thirdparty/FreeRTOS/portable/GCC/ARM_CM4F/port.o
                0x080013f8                SysTick_Handler
 .text.vPortSetupTimerInterrupt
                0x0800143c       0x48 ./thirdparty/FreeRTOS/portable/GCC/ARM_CM4F/port.o
                0x0800143c                vPortSetupTimerInterrupt
 .text.vPortEnableVFP
                0x08001484       0x18 ./thirdparty/FreeRTOS/portable/GCC/ARM_CM4F/port.o
 .text.pvPortMalloc
                0x0800149c      0x19c ./thirdparty/FreeRTOS/portable/MemMang/heap_4.o
                0x0800149c                pvPortMalloc
 .text.vPortFree
                0x08001638       0xc8 ./thirdparty/FreeRTOS/portable/MemMang/heap_4.o
                0x08001638                vPortFree
 .text.prvHeapInit
                0x08001700       0xc4 ./thirdparty/FreeRTOS/portable/MemMang/heap_4.o
 .text.prvInsertBlockIntoFreeList
                0x080017c4       0xb4 ./thirdparty/FreeRTOS/portable/MemMang/heap_4.o
 .text.memset   0x08001878       0x10 /opt/st/stm32cubeide_1.15.0/plugins/com.st.stm32cube.ide.mcu.externaltools.gnu-tools-for-stm32.12.3.rel1.linux64_1.0.100.202403111256/tools/bin/../lib/gcc/arm-none-eabi/12.3.1/../../../../arm-none-eabi/lib/thumb/v7e-m+fp/hard/libc_nano.a(libc_a-memset.o)
                0x08001878                memset
 .text._reclaim_reent
                0x08001888       0xac /opt/st/stm32cubeide_1.15.0/plugins/com.st.stm32cube.ide.mcu.externaltools.gnu-tools-for-stm32.12.3.rel1.linux64_1.0.100.202403111256/tools/bin/../lib/gcc/arm-none-eabi/12.3.1/../../../../arm-none-eabi/lib/thumb/v7e-m+fp/hard/libc_nano.a(libc_a-reent.o)
                0x08001888                _reclaim_reent
 .text.__libc_init_array
                0x08001934       0x48 /opt/st/stm32cubeide_1.15.0/plugins/com.st.stm32cube.ide.mcu.externaltools.gnu-tools-for-stm32.12.3.rel1.linux64_1.0.100.202403111256/tools/bin/../lib/gcc/arm-none-eabi/12.3.1/../../../../arm-none-eabi/lib/thumb/v7e-m+fp/hard/libc_nano.a(libc_a-init.o)
                0x08001934                __libc_init_array
 .text.__retarget_lock_acquire_recursive
                0x0800197c        0x2 /opt/st/stm32cubeide_1.15.0/plugins/com.st.stm32cube.ide.mcu.externaltools.gnu-tools-for-stm32.12.3.rel1.linux64_1.0.100.202403111256/tools/bin/../lib/gcc/arm-none-eabi/12.3.1/../../../../arm-none-eabi/lib/thumb/v7e-m+fp/hard/libc_nano.a(libc_a-lock.o)
                0x0800197c                __retarget_lock_acquire_recursive
 .text.__retarget_lock_release_recursive
                0x0800197e        0x2 /opt/st/stm32cubeide_1.15.0/plugins/com.st.stm32cube.ide.mcu.externaltools.gnu-tools-for-stm32.12.3.rel1.linux64_1.0.100.202403111256/tools/bin/../lib/gcc/arm-none-eabi/12.3.1/../../../../arm-none-eabi/lib/thumb/v7e-m+fp/hard/libc_nano.a(libc_a-lock.o)
                0x0800197e                __retarget_lock_release_recursive
 .text._free_r  0x08001980       0x94 /opt/st/stm32cubeide_1.15.0/plugins/com.st.stm32cube.ide.mcu.externaltools.gnu-tools-for-stm32.12.3.rel1.linux64_1.0.100.202403111256/tools/bin/../lib/gcc/arm-none-eabi/12.3.1/../../../../arm-none-eabi/lib/thumb/v7e-m+fp/hard/libc_nano.a(libc_a-freer.o)
                0x08001980                _free_r
 .text.__malloc_lock
                0x08001a14        0xc /opt/st/stm32cubeide_1.15.0/plugins/com.st.stm32cube.ide.mcu.externaltools.gnu-tools-for-stm32.12.3.rel1.linux64_1.0.100.202403111256/tools/bin/../lib/gcc/arm-none-eabi/12.3.1/../../../../arm-none-eabi/lib/thumb/v7e-m+fp/hard/libc_nano.a(libc_a-mlock.o)
                0x08001a14                __malloc_lock
 .text.__malloc_unlock
                0x08001a20        0xc /opt/st/stm32cubeide_1.15.0/plugins/com.st.stm32cube.ide.mcu.externaltools.gnu-tools-for-stm32.12.3.rel1.linux64_1.0.100.202403111256/tools/bin/../lib/gcc/arm-none-eabi/12.3.1/../../../../arm-none-eabi/lib/thumb/v7e-m+fp/hard/libc_nano.a(libc_a-mlock.o)
                0x08001a20                __malloc_unlock
 *(.glue_7)
 .glue_7        0x08001a2c        0x0 linker stubs
 *(.glue_7t)
 .glue_7t       0x08001a2c        0x0 linker stubs
 *(.eh_frame)
 .eh_frame      0x08001a2c        0x0 /opt/st/stm32cubeide_1.15.0/plugins/com.st.stm32cube.ide.mcu.externaltools.gnu-tools-for-stm32.12.3.rel1.linux64_1.0.100.202403111256/tools/bin/../lib/gcc/arm-none-eabi/12.3.1/thumb/v7e-m+fp/hard/crtbegin.o
 *(.init)
 .init          0x08001a2c        0x4 /opt/st/stm32cubeide_1.15.0/plugins/com.st.stm32cube.ide.mcu.externaltools.gnu-tools-for-stm32.12.3.rel1.linux64_1.0.100.202403111256/tools/bin/../lib/gcc/arm-none-eabi/12.3.1/thumb/v7e-m+fp/hard/crti.o
                0x08001a2c                _init
 .init          0x08001a30        0x8 /opt/st/stm32cubeide_1.15.0/plugins/com.st.stm32cube.ide.mcu.externaltools.gnu-tools-for-stm32.12.3.rel1.linux64_1.0.100.202403111256/tools/bin/../lib/gcc/arm-none-eabi/12.3.1/thumb/v7e-m+fp/hard/crtn.o
 *(.fini)
 .fini          0x08001a38        0x4 /opt/st/stm32cubeide_1.15.0/plugins/com.st.stm32cube.ide.mcu.externaltools.gnu-tools-for-stm32.12.3.rel1.linux64_1.0.100.202403111256/tools/bin/../lib/gcc/arm-none-eabi/12.3.1/thumb/v7e-m+fp/hard/crti.o
                0x08001a38                _fini
 .fini          0x08001a3c        0x8 /opt/st/stm32cubeide_1.15.0/plugins/com.st.stm32cube.ide.mcu.externaltools.gnu-tools-for-stm32.12.3.rel1.linux64_1.0.100.202403111256/tools/bin/../lib/gcc/arm-none-eabi/12.3.1/thumb/v7e-m+fp/hard/crtn.o
                0x08001a44                        . = ALIGN (0x4)
                0x08001a44                        _etext = .

.vfp11_veneer   0x08001a44        0x0
 .vfp11_veneer  0x08001a44        0x0 linker stubs

.v4_bx          0x08001a44        0x0
 .v4_bx         0x08001a44        0x0 linker stubs

.iplt           0x08001a44        0x0
 .iplt          0x08001a44        0x0 /opt/st/stm32cubeide_1.15.0/plugins/com.st.stm32cube.ide.mcu.externaltools.gnu-tools-for-stm32.12.3.rel1.linux64_1.0.100.202403111256/tools/bin/../lib/gcc/arm-none-eabi/12.3.1/thumb/v7e-m+fp/hard/crtbegin.o

.rodata         0x08001a44       0x38
                0x08001a44                        . = ALIGN (0x4)
 *(.rodata)
 .rodata        0x08001a44       0x30 ./Src/main.o
 .rodata        0x08001a74        0x5 ./thirdparty/FreeRTOS/tasks.o
 *(.rodata*)
                0x08001a7c                        . = ALIGN (0x4)
 *fill*         0x08001a79        0x3 

.ARM.extab      0x08001a7c        0x0
                0x08001a7c                        . = ALIGN (0x4)
 *(.ARM.extab* .gnu.linkonce.armextab.*)
                0x08001a7c                        . = ALIGN (0x4)

.ARM            0x08001a7c        0x0
                0x08001a7c                        . = ALIGN (0x4)
                0x08001a7c                        __exidx_start = .
 *(.ARM.exidx*)
                0x08001a7c                        __exidx_end = .
                0x08001a7c                        . = ALIGN (0x4)

.preinit_array  0x08001a7c        0x0
                0x08001a7c                        . = ALIGN (0x4)
                0x08001a7c                        PROVIDE (__preinit_array_start = .)
 *(.preinit_array*)
                0x08001a7c                        PROVIDE (__preinit_array_end = .)
                0x08001a7c                        . = ALIGN (0x4)

.init_array     0x08001a7c        0x4
                0x08001a7c                        . = ALIGN (0x4)
                0x08001a7c                        PROVIDE (__init_array_start = .)
 *(SORT_BY_NAME(.init_array.*))
 *(.init_array*)
 .init_array    0x08001a7c        0x4 /opt/st/stm32cubeide_1.15.0/plugins/com.st.stm32cube.ide.mcu.externaltools.gnu-tools-for-stm32.12.3.rel1.linux64_1.0.100.202403111256/tools/bin/../lib/gcc/arm-none-eabi/12.3.1/thumb/v7e-m+fp/hard/crtbegin.o
                0x08001a80                        PROVIDE (__init_array_end = .)
                0x08001a80                        . = ALIGN (0x4)

.fini_array     0x08001a80        0x4
                0x08001a80                        . = ALIGN (0x4)
                [!provide]                        PROVIDE (__fini_array_start = .)
 *(SORT_BY_NAME(.fini_array.*))
 *(.fini_array*)
 .fini_array    0x08001a80        0x4 /opt/st/stm32cubeide_1.15.0/plugins/com.st.stm32cube.ide.mcu.externaltools.gnu-tools-for-stm32.12.3.rel1.linux64_1.0.100.202403111256/tools/bin/../lib/gcc/arm-none-eabi/12.3.1/thumb/v7e-m+fp/hard/crtbegin.o
                [!provide]                        PROVIDE (__fini_array_end = .)
                0x08001a84                        . = ALIGN (0x4)
                0x08001a84                        _sidata = LOADADDR (.data)

.rel.dyn        0x08001a84        0x0
 .rel.iplt      0x08001a84        0x0 /opt/st/stm32cubeide_1.15.0/plugins/com.st.stm32cube.ide.mcu.externaltools.gnu-tools-for-stm32.12.3.rel1.linux64_1.0.100.202403111256/tools/bin/../lib/gcc/arm-none-eabi/12.3.1/thumb/v7e-m+fp/hard/crtbegin.o

.data           0x20000000       0x5c load address 0x08001a84
                0x20000000                        . = ALIGN (0x4)
                0x20000000                        _sdata = .
 *(.data)
 *(.data*)
 .data.SystemCoreClock
                0x20000000        0x4 ./Src/system_stm32f4xx.o
                0x20000000                SystemCoreClock
 .data.uxTopUsedPriority
                0x20000004        0x4 ./thirdparty/FreeRTOS/tasks.o
                0x20000004                uxTopUsedPriority
 .data.uxCriticalNesting
                0x20000008        0x4 ./thirdparty/FreeRTOS/portable/GCC/ARM_CM4F/port.o
 .data._impure_ptr
                0x2000000c        0x4 /opt/st/stm32cubeide_1.15.0/plugins/com.st.stm32cube.ide.mcu.externaltools.gnu-tools-for-stm32.12.3.rel1.linux64_1.0.100.202403111256/tools/bin/../lib/gcc/arm-none-eabi/12.3.1/../../../../arm-none-eabi/lib/thumb/v7e-m+fp/hard/libc_nano.a(libc_a-impure.o)
                0x2000000c                _impure_ptr
 .data._impure_data
                0x20000010       0x4c /opt/st/stm32cubeide_1.15.0/plugins/com.st.stm32cube.ide.mcu.externaltools.gnu-tools-for-stm32.12.3.rel1.linux64_1.0.100.202403111256/tools/bin/../lib/gcc/arm-none-eabi/12.3.1/../../../../arm-none-eabi/lib/thumb/v7e-m+fp/hard/libc_nano.a(libc_a-impure.o)
                0x20000010                _impure_data
 *(.RamFunc)
 *(.RamFunc*)
                0x2000005c                        . = ALIGN (0x4)
                0x2000005c                        _edata = .
                0x08001ae0                        _siccmram = LOADADDR (.ccmram)

.igot.plt       0x2000005c        0x0 load address 0x08001ae0
 .igot.plt      0x2000005c        0x0 /opt/st/stm32cubeide_1.15.0/plugins/com.st.stm32cube.ide.mcu.externaltools.gnu-tools-for-stm32.12.3.rel1.linux64_1.0.100.202403111256/tools/bin/../lib/gcc/arm-none-eabi/12.3.1/thumb/v7e-m+fp/hard/crtbegin.o

.ccmram         0x10000000        0x0 load address 0x08001ae0
                0x10000000                        . = ALIGN (0x4)
                0x10000000                        _sccmram = .
 *(.ccmram)
 *(.ccmram*)
                0x10000000                        . = ALIGN (0x4)
                0x10000000                        _eccmram = .
                0x10000000                        . = ALIGN (0x4)

.bss            0x2000005c     0x3eb0
                0x2000005c                        _sbss = .
                0x2000005c                        __bss_start__ = _sbss
 *(.bss)
 .bss           0x2000005c       0x1c /opt/st/stm32cubeide_1.15.0/plugins/com.st.stm32cube.ide.mcu.externaltools.gnu-tools-for-stm32.12.3.rel1.linux64_1.0.100.202403111256/tools/bin/../lib/gcc/arm-none-eabi/12.3.1/thumb/v7e-m+fp/hard/crtbegin.o
 *(.bss*)
 .bss.pxCurrentTCB
                0x20000078        0x4 ./thirdparty/FreeRTOS/tasks.o
                0x20000078                pxCurrentTCB
 .bss.pxReadyTasksLists
                0x2000007c       0x8c ./thirdparty/FreeRTOS/tasks.o
 .bss.xDelayedTaskList1
                0x20000108       0x14 ./thirdparty/FreeRTOS/tasks.o
 .bss.xDelayedTaskList2
                0x2000011c       0x14 ./thirdparty/FreeRTOS/tasks.o
 .bss.pxDelayedTaskList
                0x20000130        0x4 ./thirdparty/FreeRTOS/tasks.o
 .bss.pxOverflowDelayedTaskList
                0x20000134        0x4 ./thirdparty/FreeRTOS/tasks.o
 .bss.xPendingReadyList
                0x20000138       0x14 ./thirdparty/FreeRTOS/tasks.o
 .bss.xTasksWaitingTermination
                0x2000014c       0x14 ./thirdparty/FreeRTOS/tasks.o
 .bss.uxDeletedTasksWaitingCleanUp
                0x20000160        0x4 ./thirdparty/FreeRTOS/tasks.o
 .bss.xSuspendedTaskList
                0x20000164       0x14 ./thirdparty/FreeRTOS/tasks.o
 .bss.uxCurrentNumberOfTasks
                0x20000178        0x4 ./thirdparty/FreeRTOS/tasks.o
 .bss.xTickCount
                0x2000017c        0x4 ./thirdparty/FreeRTOS/tasks.o
 .bss.uxTopReadyPriority
                0x20000180        0x4 ./thirdparty/FreeRTOS/tasks.o
 .bss.xSchedulerRunning
                0x20000184        0x4 ./thirdparty/FreeRTOS/tasks.o
 .bss.xPendedTicks
                0x20000188        0x4 ./thirdparty/FreeRTOS/tasks.o
 .bss.xYieldPending
                0x2000018c        0x4 ./thirdparty/FreeRTOS/tasks.o
 .bss.xNumOfOverflows
                0x20000190        0x4 ./thirdparty/FreeRTOS/tasks.o
 .bss.uxTaskNumber
                0x20000194        0x4 ./thirdparty/FreeRTOS/tasks.o
 .bss.xNextTaskUnblockTime
                0x20000198        0x4 ./thirdparty/FreeRTOS/tasks.o
 .bss.xIdleTaskHandle
                0x2000019c        0x4 ./thirdparty/FreeRTOS/tasks.o
 .bss.uxSchedulerSuspended
                0x200001a0        0x4 ./thirdparty/FreeRTOS/tasks.o
 .bss.ucMaxSysCallPriority
                0x200001a4        0x1 ./thirdparty/FreeRTOS/portable/GCC/ARM_CM4F/port.o
 *fill*         0x200001a5        0x3 
 .bss.ulMaxPRIGROUPValue
                0x200001a8        0x4 ./thirdparty/FreeRTOS/portable/GCC/ARM_CM4F/port.o
 .bss.ucHeap    0x200001ac     0x3c00 ./thirdparty/FreeRTOS/portable/MemMang/heap_4.o
 .bss.xStart    0x20003dac        0x8 ./thirdparty/FreeRTOS/portable/MemMang/heap_4.o
 .bss.pxEnd     0x20003db4        0x4 ./thirdparty/FreeRTOS/portable/MemMang/heap_4.o
 .bss.xFreeBytesRemaining
                0x20003db8        0x4 ./thirdparty/FreeRTOS/portable/MemMang/heap_4.o
 .bss.xMinimumEverFreeBytesRemaining
                0x20003dbc        0x4 ./thirdparty/FreeRTOS/portable/MemMang/heap_4.o
 .bss.xNumberOfSuccessfulAllocations
                0x20003dc0        0x4 ./thirdparty/FreeRTOS/portable/MemMang/heap_4.o
 .bss.xNumberOfSuccessfulFrees
                0x20003dc4        0x4 ./thirdparty/FreeRTOS/portable/MemMang/heap_4.o
 .bss.xBlockAllocatedBit
                0x20003dc8        0x4 ./thirdparty/FreeRTOS/portable/MemMang/heap_4.o
 .bss.__sf      0x20003dcc      0x138 /opt/st/stm32cubeide_1.15.0/plugins/com.st.stm32cube.ide.mcu.externaltools.gnu-tools-for-stm32.12.3.rel1.linux64_1.0.100.202403111256/tools/bin/../lib/gcc/arm-none-eabi/12.3.1/../../../../arm-none-eabi/lib/thumb/v7e-m+fp/hard/libc_nano.a(libc_a-findfp.o)
                0x20003dcc                __sf
 .bss.__lock___malloc_recursive_mutex
                0x20003f04        0x1 /opt/st/stm32cubeide_1.15.0/plugins/com.st.stm32cube.ide.mcu.externaltools.gnu-tools-for-stm32.12.3.rel1.linux64_1.0.100.202403111256/tools/bin/../lib/gcc/arm-none-eabi/12.3.1/../../../../arm-none-eabi/lib/thumb/v7e-m+fp/hard/libc_nano.a(libc_a-lock.o)
                0x20003f04                __lock___malloc_recursive_mutex
 *fill*         0x20003f05        0x3 
 .bss.__malloc_free_list
                0x20003f08        0x4 /opt/st/stm32cubeide_1.15.0/plugins/com.st.stm32cube.ide.mcu.externaltools.gnu-tools-for-stm32.12.3.rel1.linux64_1.0.100.202403111256/tools/bin/../lib/gcc/arm-none-eabi/12.3.1/../../../../arm-none-eabi/lib/thumb/v7e-m+fp/hard/libc_nano.a(libc_a-mallocr.o)
                0x20003f08                __malloc_free_list
 *(COMMON)
                0x20003f0c                        . = ALIGN (0x4)
                0x20003f0c                        _ebss = .
                0x20003f0c                        __bss_end__ = _ebss

._user_heap_stack
                0x20003f0c      0x604
                0x20003f10                        . = ALIGN (0x8)
 *fill*         0x20003f0c        0x4 
                [!provide]                        PROVIDE (end = .)
                0x20003f10                        PROVIDE (_end = .)
                0x20004110                        . = (. + _Min_Heap_Size)
 *fill*         0x20003f10      0x200 
                0x20004510                        . = (. + _Min_Stack_Size)
 *fill*         0x20004110      0x400 
                0x20004510                        . = ALIGN (0x8)

/DISCARD/
 libc.a(*)
 libm.a(*)
 libgcc.a(*)

.ARM.attributes
                0x00000000       0x30
 *(.ARM.attributes)
 .ARM.attributes
                0x00000000       0x22 /opt/st/stm32cubeide_1.15.0/plugins/com.st.stm32cube.ide.mcu.externaltools.gnu-tools-for-stm32.12.3.rel1.linux64_1.0.100.202403111256/tools/bin/../lib/gcc/arm-none-eabi/12.3.1/thumb/v7e-m+fp/hard/crti.o
 .ARM.attributes
                0x00000022       0x34 /opt/st/stm32cubeide_1.15.0/plugins/com.st.stm32cube.ide.mcu.externaltools.gnu-tools-for-stm32.12.3.rel1.linux64_1.0.100.202403111256/tools/bin/../lib/gcc/arm-none-eabi/12.3.1/thumb/v7e-m+fp/hard/crtbegin.o
 .ARM.attributes
                0x00000056       0x34 ./Src/led.o
 .ARM.attributes
                0x0000008a       0x34 ./Src/main.o
 .ARM.attributes
                0x000000be       0x34 ./Src/system_stm32f4xx.o
 .ARM.attributes
                0x000000f2       0x21 ./Startup/startup_stm32f407vgtx.o
 .ARM.attributes
                0x00000113       0x34 ./thirdparty/FreeRTOS/list.o
 .ARM.attributes
                0x00000147       0x34 ./thirdparty/FreeRTOS/tasks.o
 .ARM.attributes
                0x0000017b       0x34 ./thirdparty/FreeRTOS/portable/GCC/ARM_CM4F/port.o
 .ARM.attributes
                0x000001af       0x34 ./thirdparty/FreeRTOS/portable/MemMang/heap_4.o
 .ARM.attributes
                0x000001e3       0x34 /opt/st/stm32cubeide_1.15.0/plugins/com.st.stm32cube.ide.mcu.externaltools.gnu-tools-for-stm32.12.3.rel1.linux64_1.0.100.202403111256/tools/bin/../lib/gcc/arm-none-eabi/12.3.1/../../../../arm-none-eabi/lib/thumb/v7e-m+fp/hard/libc_nano.a(libc_a-findfp.o)
 .ARM.attributes
                0x00000217       0x34 /opt/st/stm32cubeide_1.15.0/plugins/com.st.stm32cube.ide.mcu.externaltools.gnu-tools-for-stm32.12.3.rel1.linux64_1.0.100.202403111256/tools/bin/../lib/gcc/arm-none-eabi/12.3.1/../../../../arm-none-eabi/lib/thumb/v7e-m+fp/hard/libc_nano.a(libc_a-memset.o)
 .ARM.attributes
                0x0000024b       0x34 /opt/st/stm32cubeide_1.15.0/plugins/com.st.stm32cube.ide.mcu.externaltools.gnu-tools-for-stm32.12.3.rel1.linux64_1.0.100.202403111256/tools/bin/../lib/gcc/arm-none-eabi/12.3.1/../../../../arm-none-eabi/lib/thumb/v7e-m+fp/hard/libc_nano.a(libc_a-reent.o)
 .ARM.attributes
                0x0000027f       0x34 /opt/st/stm32cubeide_1.15.0/plugins/com.st.stm32cube.ide.mcu.externaltools.gnu-tools-for-stm32.12.3.rel1.linux64_1.0.100.202403111256/tools/bin/../lib/gcc/arm-none-eabi/12.3.1/../../../../arm-none-eabi/lib/thumb/v7e-m+fp/hard/libc_nano.a(libc_a-impure.o)
 .ARM.attributes
                0x000002b3       0x34 /opt/st/stm32cubeide_1.15.0/plugins/com.st.stm32cube.ide.mcu.externaltools.gnu-tools-for-stm32.12.3.rel1.linux64_1.0.100.202403111256/tools/bin/../lib/gcc/arm-none-eabi/12.3.1/../../../../arm-none-eabi/lib/thumb/v7e-m+fp/hard/libc_nano.a(libc_a-init.o)
 .ARM.attributes
                0x000002e7       0x34 /opt/st/stm32cubeide_1.15.0/plugins/com.st.stm32cube.ide.mcu.externaltools.gnu-tools-for-stm32.12.3.rel1.linux64_1.0.100.202403111256/tools/bin/../lib/gcc/arm-none-eabi/12.3.1/../../../../arm-none-eabi/lib/thumb/v7e-m+fp/hard/libc_nano.a(libc_a-lock.o)
 .ARM.attributes
                0x0000031b       0x34 /opt/st/stm32cubeide_1.15.0/plugins/com.st.stm32cube.ide.mcu.externaltools.gnu-tools-for-stm32.12.3.rel1.linux64_1.0.100.202403111256/tools/bin/../lib/gcc/arm-none-eabi/12.3.1/../../../../arm-none-eabi/lib/thumb/v7e-m+fp/hard/libc_nano.a(libc_a-freer.o)
 .ARM.attributes
                0x0000034f       0x34 /opt/st/stm32cubeide_1.15.0/plugins/com.st.stm32cube.ide.mcu.externaltools.gnu-tools-for-stm32.12.3.rel1.linux64_1.0.100.202403111256/tools/bin/../lib/gcc/arm-none-eabi/12.3.1/../../../../arm-none-eabi/lib/thumb/v7e-m+fp/hard/libc_nano.a(libc_a-mallocr.o)
 .ARM.attributes
                0x00000383       0x34 /opt/st/stm32cubeide_1.15.0/plugins/com.st.stm32cube.ide.mcu.externaltools.gnu-tools-for-stm32.12.3.rel1.linux64_1.0.100.202403111256/tools/bin/../lib/gcc/arm-none-eabi/12.3.1/../../../../arm-none-eabi/lib/thumb/v7e-m+fp/hard/libc_nano.a(libc_a-mlock.o)
 .ARM.attributes
                0x000003b7       0x22 /opt/st/stm32cubeide_1.15.0/plugins/com.st.stm32cube.ide.mcu.externaltools.gnu-tools-for-stm32.12.3.rel1.linux64_1.0.100.202403111256/tools/bin/../lib/gcc/arm-none-eabi/12.3.1/thumb/v7e-m+fp/hard/crtn.o
OUTPUT(AQ2-4LED.elf elf32-littlearm)
LOAD linker stubs
LOAD /opt/st/stm32cubeide_1.15.0/plugins/com.st.stm32cube.ide.mcu.externaltools.gnu-tools-for-stm32.12.3.rel1.linux64_1.0.100.202403111256/tools/bin/../lib/gcc/arm-none-eabi/12.3.1/../../../../arm-none-eabi/lib/thumb/v7e-m+fp/hard/libc.a
LOAD /opt/st/stm32cubeide_1.15.0/plugins/com.st.stm32cube.ide.mcu.externaltools.gnu-tools-for-stm32.12.3.rel1.linux64_1.0.100.202403111256/tools/bin/../lib/gcc/arm-none-eabi/12.3.1/../../../../arm-none-eabi/lib/thumb/v7e-m+fp/hard/libm.a
LOAD /opt/st/stm32cubeide_1.15.0/plugins/com.st.stm32cube.ide.mcu.externaltools.gnu-tools-for-stm32.12.3.rel1.linux64_1.0.100.202403111256/tools/bin/../lib/gcc/arm-none-eabi/12.3.1/thumb/v7e-m+fp/hard/libgcc.a

.debug_info     0x00000000     0x3ddc
 .debug_info    0x00000000      0x549 ./Src/led.o
 .debug_info    0x00000549      0x3d3 ./Src/main.o
 .debug_info    0x0000091c      0x53c ./Src/system_stm32f4xx.o
 .debug_info    0x00000e58       0x30 ./Startup/startup_stm32f407vgtx.o
 .debug_info    0x00000e88      0x2af ./thirdparty/FreeRTOS/list.o
 .debug_info    0x00001137     0x22ef ./thirdparty/FreeRTOS/tasks.o
 .debug_info    0x00003426      0x4e1 ./thirdparty/FreeRTOS/portable/GCC/ARM_CM4F/port.o
 .debug_info    0x00003907      0x4d5 ./thirdparty/FreeRTOS/portable/MemMang/heap_4.o

.debug_abbrev   0x00000000      0xda9
 .debug_abbrev  0x00000000      0x136 ./Src/led.o
 .debug_abbrev  0x00000136      0x1b8 ./Src/main.o
 .debug_abbrev  0x000002ee      0x158 ./Src/system_stm32f4xx.o
 .debug_abbrev  0x00000446       0x24 ./Startup/startup_stm32f407vgtx.o
 .debug_abbrev  0x0000046a       0xf5 ./thirdparty/FreeRTOS/list.o
 .debug_abbrev  0x0000055f      0x3d3 ./thirdparty/FreeRTOS/tasks.o
 .debug_abbrev  0x00000932      0x25a ./thirdparty/FreeRTOS/portable/GCC/ARM_CM4F/port.o
 .debug_abbrev  0x00000b8c      0x21d ./thirdparty/FreeRTOS/portable/MemMang/heap_4.o

.debug_aranges  0x00000000      0x3b8
 .debug_aranges
                0x00000000       0x40 ./Src/led.o
 .debug_aranges
                0x00000040       0x48 ./Src/main.o
 .debug_aranges
                0x00000088       0x38 ./Src/system_stm32f4xx.o
 .debug_aranges
                0x000000c0       0x28 ./Startup/startup_stm32f407vgtx.o
 .debug_aranges
                0x000000e8       0x40 ./thirdparty/FreeRTOS/list.o
 .debug_aranges
                0x00000128      0x1b8 ./thirdparty/FreeRTOS/tasks.o
 .debug_aranges
                0x000002e0       0x80 ./thirdparty/FreeRTOS/portable/GCC/ARM_CM4F/port.o
 .debug_aranges
                0x00000360       0x58 ./thirdparty/FreeRTOS/portable/MemMang/heap_4.o

.debug_rnglists
                0x00000000      0x2c6
 .debug_rnglists
                0x00000000       0x2c ./Src/led.o
 .debug_rnglists
                0x0000002c       0x32 ./Src/main.o
 .debug_rnglists
                0x0000005e       0x26 ./Src/system_stm32f4xx.o
 .debug_rnglists
                0x00000084       0x19 ./Startup/startup_stm32f407vgtx.o
 .debug_rnglists
                0x0000009d       0x2b ./thirdparty/FreeRTOS/list.o
 .debug_rnglists
                0x000000c8      0x15f ./thirdparty/FreeRTOS/tasks.o
 .debug_rnglists
                0x00000227       0x5d ./thirdparty/FreeRTOS/portable/GCC/ARM_CM4F/port.o
 .debug_rnglists
                0x00000284       0x42 ./thirdparty/FreeRTOS/portable/MemMang/heap_4.o

.debug_macro    0x00000000    0x1939a
 .debug_macro   0x00000000       0xd6 ./Src/led.o
 .debug_macro   0x000000d6       0x2f ./Src/led.o
 .debug_macro   0x00000105       0x1c ./Src/led.o
 .debug_macro   0x00000121       0x22 ./Src/led.o
 .debug_macro   0x00000143       0xd9 ./Src/led.o
 .debug_macro   0x0000021c     0x102d ./Src/led.o
 .debug_macro   0x00001249      0x11f ./Src/led.o
 .debug_macro   0x00001368       0x11 ./Src/led.o
 .debug_macro   0x00001379    0x15e3c ./Src/led.o
 .debug_macro   0x000171b5       0x28 ./Src/led.o
 .debug_macro   0x000171dd       0x74 ./Src/led.o
 .debug_macro   0x00017251      0x231 ./Src/main.o
 .debug_macro   0x00017482       0x61 ./Src/main.o
 .debug_macro   0x000174e3       0x2a ./Src/main.o
 .debug_macro   0x0001750d       0x43 ./Src/main.o
 .debug_macro   0x00017550       0x34 ./Src/main.o
 .debug_macro   0x00017584       0x16 ./Src/main.o
 .debug_macro   0x0001759a       0x9e ./Src/main.o
 .debug_macro   0x00017638      0x369 ./Src/main.o
 .debug_macro   0x000179a1      0x10b ./Src/main.o
 .debug_macro   0x00017aac       0x10 ./Src/main.o
 .debug_macro   0x00017abc       0x16 ./Src/main.o
 .debug_macro   0x00017ad2       0x43 ./Src/main.o
 .debug_macro   0x00017b15       0x34 ./Src/main.o
 .debug_macro   0x00017b49       0x10 ./Src/main.o
 .debug_macro   0x00017b59       0x58 ./Src/main.o
 .debug_macro   0x00017bb1       0x8e ./Src/main.o
 .debug_macro   0x00017c3f       0x1c ./Src/main.o
 .debug_macro   0x00017c5b      0x177 ./Src/main.o
 .debug_macro   0x00017dd2       0x16 ./Src/main.o
 .debug_macro   0x00017de8       0x16 ./Src/main.o
 .debug_macro   0x00017dfe      0x146 ./Src/main.o
 .debug_macro   0x00017f44       0x2e ./Src/main.o
 .debug_macro   0x00017f72       0x4a ./Src/main.o
 .debug_macro   0x00017fbc       0xf1 ./Src/main.o
 .debug_macro   0x000180ad      0x15a ./Src/main.o
 .debug_macro   0x00018207       0xe4 ./Src/main.o
 .debug_macro   0x000182eb       0x1c ./Src/main.o
 .debug_macro   0x00018307       0x26 ./Src/main.o
 .debug_macro   0x0001832d       0x16 ./Src/main.o
 .debug_macro   0x00018343       0x35 ./Src/main.o
 .debug_macro   0x00018378      0x50c ./Src/main.o
 .debug_macro   0x00018884       0xb5 ./Src/main.o
 .debug_macro   0x00018939      0x120 ./Src/main.o
 .debug_macro   0x00018a59       0x2e ./Src/main.o
 .debug_macro   0x00018a87       0xe0 ./Src/system_stm32f4xx.o
 .debug_macro   0x00018b67      0x1a5 ./thirdparty/FreeRTOS/list.o
 .debug_macro   0x00018d0c      0x28b ./thirdparty/FreeRTOS/tasks.o
 .debug_macro   0x00018f97       0x10 ./thirdparty/FreeRTOS/tasks.o
 .debug_macro   0x00018fa7      0x233 ./thirdparty/FreeRTOS/portable/GCC/ARM_CM4F/port.o
 .debug_macro   0x000191da      0x1c0 ./thirdparty/FreeRTOS/portable/MemMang/heap_4.o

.debug_line     0x00000000     0x421c
 .debug_line    0x00000000      0x4da ./Src/led.o
 .debug_line    0x000004da      0x6f6 ./Src/main.o
 .debug_line    0x00000bd0      0x4d6 ./Src/system_stm32f4xx.o
 .debug_line    0x000010a6       0x7b ./Startup/startup_stm32f407vgtx.o
 .debug_line    0x00001121      0x699 ./thirdparty/FreeRTOS/list.o
 .debug_line    0x000017ba     0x1930 ./thirdparty/FreeRTOS/tasks.o
 .debug_line    0x000030ea      0x874 ./thirdparty/FreeRTOS/portable/GCC/ARM_CM4F/port.o
 .debug_line    0x0000395e      0x8be ./thirdparty/FreeRTOS/portable/MemMang/heap_4.o

.debug_str      0x00000000    0x92e43
 .debug_str     0x00000000    0x87c1e ./Src/led.o
                              0x87da0 (size before relaxing)
 .debug_str     0x00087c1e     0x856c ./Src/main.o
                              0x902af (size before relaxing)
 .debug_str     0x0009018a       0xf8 ./Src/system_stm32f4xx.o
                              0x87dd8 (size before relaxing)
 .debug_str     0x00090282       0x3f ./Startup/startup_stm32f407vgtx.o
                                 0x6d (size before relaxing)
 .debug_str     0x000902c1      0x265 ./thirdparty/FreeRTOS/list.o
                               0xac5f (size before relaxing)
 .debug_str     0x00090526     0x1e9d ./thirdparty/FreeRTOS/tasks.o
                               0xde01 (size before relaxing)
 .debug_str     0x000923c3      0x767 ./thirdparty/FreeRTOS/portable/GCC/ARM_CM4F/port.o
                               0xaf92 (size before relaxing)
 .debug_str     0x00092b2a      0x319 ./thirdparty/FreeRTOS/portable/MemMang/heap_4.o
                               0xc128 (size before relaxing)

.comment        0x00000000       0x43
 .comment       0x00000000       0x43 ./Src/led.o
                                 0x44 (size before relaxing)
 .comment       0x00000043       0x44 ./Src/main.o
 .comment       0x00000043       0x44 ./Src/system_stm32f4xx.o
 .comment       0x00000043       0x44 ./thirdparty/FreeRTOS/list.o
 .comment       0x00000043       0x44 ./thirdparty/FreeRTOS/tasks.o
 .comment       0x00000043       0x44 ./thirdparty/FreeRTOS/portable/GCC/ARM_CM4F/port.o
 .comment       0x00000043       0x44 ./thirdparty/FreeRTOS/portable/MemMang/heap_4.o

.debug_frame    0x00000000     0x1074
 .debug_frame   0x00000000       0xd4 ./Src/led.o
 .debug_frame   0x000000d4       0xd8 ./Src/main.o
 .debug_frame   0x000001ac       0x84 ./Src/system_stm32f4xx.o
 .debug_frame   0x00000230       0xd8 ./thirdparty/FreeRTOS/list.o
 .debug_frame   0x00000308      0x768 ./thirdparty/FreeRTOS/tasks.o
 .debug_frame   0x00000a70      0x1a8 ./thirdparty/FreeRTOS/portable/GCC/ARM_CM4F/port.o
 .debug_frame   0x00000c18      0x12c ./thirdparty/FreeRTOS/portable/MemMang/heap_4.o
 .debug_frame   0x00000d44      0x144 /opt/st/stm32cubeide_1.15.0/plugins/com.st.stm32cube.ide.mcu.externaltools.gnu-tools-for-stm32.12.3.rel1.linux64_1.0.100.202403111256/tools/bin/../lib/gcc/arm-none-eabi/12.3.1/../../../../arm-none-eabi/lib/thumb/v7e-m+fp/hard/libc_nano.a(libc_a-findfp.o)
 .debug_frame   0x00000e88       0x20 /opt/st/stm32cubeide_1.15.0/plugins/com.st.stm32cube.ide.mcu.externaltools.gnu-tools-for-stm32.12.3.rel1.linux64_1.0.100.202403111256/tools/bin/../lib/gcc/arm-none-eabi/12.3.1/../../../../arm-none-eabi/lib/thumb/v7e-m+fp/hard/libc_nano.a(libc_a-memset.o)
 .debug_frame   0x00000ea8       0x38 /opt/st/stm32cubeide_1.15.0/plugins/com.st.stm32cube.ide.mcu.externaltools.gnu-tools-for-stm32.12.3.rel1.linux64_1.0.100.202403111256/tools/bin/../lib/gcc/arm-none-eabi/12.3.1/../../../../arm-none-eabi/lib/thumb/v7e-m+fp/hard/libc_nano.a(libc_a-reent.o)
 .debug_frame   0x00000ee0       0x2c /opt/st/stm32cubeide_1.15.0/plugins/com.st.stm32cube.ide.mcu.externaltools.gnu-tools-for-stm32.12.3.rel1.linux64_1.0.100.202403111256/tools/bin/../lib/gcc/arm-none-eabi/12.3.1/../../../../arm-none-eabi/lib/thumb/v7e-m+fp/hard/libc_nano.a(libc_a-init.o)
 .debug_frame   0x00000f0c       0xb0 /opt/st/stm32cubeide_1.15.0/plugins/com.st.stm32cube.ide.mcu.externaltools.gnu-tools-for-stm32.12.3.rel1.linux64_1.0.100.202403111256/tools/bin/../lib/gcc/arm-none-eabi/12.3.1/../../../../arm-none-eabi/lib/thumb/v7e-m+fp/hard/libc_nano.a(libc_a-lock.o)
 .debug_frame   0x00000fbc       0x38 /opt/st/stm32cubeide_1.15.0/plugins/com.st.stm32cube.ide.mcu.externaltools.gnu-tools-for-stm32.12.3.rel1.linux64_1.0.100.202403111256/tools/bin/../lib/gcc/arm-none-eabi/12.3.1/../../../../arm-none-eabi/lib/thumb/v7e-m+fp/hard/libc_nano.a(libc_a-freer.o)
 .debug_frame   0x00000ff4       0x50 /opt/st/stm32cubeide_1.15.0/plugins/com.st.stm32cube.ide.mcu.externaltools.gnu-tools-for-stm32.12.3.rel1.linux64_1.0.100.202403111256/tools/bin/../lib/gcc/arm-none-eabi/12.3.1/../../../../arm-none-eabi/lib/thumb/v7e-m+fp/hard/libc_nano.a(libc_a-mallocr.o)
 .debug_frame   0x00001044       0x30 /opt/st/stm32cubeide_1.15.0/plugins/com.st.stm32cube.ide.mcu.externaltools.gnu-tools-for-stm32.12.3.rel1.linux64_1.0.100.202403111256/tools/bin/../lib/gcc/arm-none-eabi/12.3.1/../../../../arm-none-eabi/lib/thumb/v7e-m+fp/hard/libc_nano.a(libc_a-mlock.o)

.debug_loclists
                0x00000000       0x1f
 .debug_loclists
                0x00000000       0x1f ./Src/system_stm32f4xx.o

.debug_line_str
                0x00000000       0x51
 .debug_line_str
                0x00000000       0x51 ./Startup/startup_stm32f407vgtx.o
