Archive member included to satisfy reference by file (symbol)

/opt/st/stm32cubeide_1.15.0/plugins/com.st.stm32cube.ide.mcu.externaltools.gnu-tools-for-stm32.12.3.rel1.linux64_1.0.100.202403111256/tools/bin/../lib/gcc/arm-none-eabi/12.3.1/../../../../arm-none-eabi/lib/thumb/v7e-m+fp/hard/libc_nano.a(libc_a-exit.o)
                              /opt/st/stm32cubeide_1.15.0/plugins/com.st.stm32cube.ide.mcu.externaltools.gnu-tools-for-stm32.12.3.rel1.linux64_1.0.100.202403111256/tools/bin/../lib/gcc/arm-none-eabi/12.3.1/../../../../arm-none-eabi/lib/thumb/v7e-m+fp/hard/crt0.o (exit)
/opt/st/stm32cubeide_1.15.0/plugins/com.st.stm32cube.ide.mcu.externaltools.gnu-tools-for-stm32.12.3.rel1.linux64_1.0.100.202403111256/tools/bin/../lib/gcc/arm-none-eabi/12.3.1/../../../../arm-none-eabi/lib/thumb/v7e-m+fp/hard/libc_nano.a(libc_a-findfp.o)
                              ./thirdparty/FreeRTOS/tasks.o (__sf)
/opt/st/stm32cubeide_1.15.0/plugins/com.st.stm32cube.ide.mcu.externaltools.gnu-tools-for-stm32.12.3.rel1.linux64_1.0.100.202403111256/tools/bin/../lib/gcc/arm-none-eabi/12.3.1/../../../../arm-none-eabi/lib/thumb/v7e-m+fp/hard/libc_nano.a(libc_a-fwalk.o)
                              /opt/st/stm32cubeide_1.15.0/plugins/com.st.stm32cube.ide.mcu.externaltools.gnu-tools-for-stm32.12.3.rel1.linux64_1.0.100.202403111256/tools/bin/../lib/gcc/arm-none-eabi/12.3.1/../../../../arm-none-eabi/lib/thumb/v7e-m+fp/hard/libc_nano.a(libc_a-findfp.o) (_fwalk_sglue)
/opt/st/stm32cubeide_1.15.0/plugins/com.st.stm32cube.ide.mcu.externaltools.gnu-tools-for-stm32.12.3.rel1.linux64_1.0.100.202403111256/tools/bin/../lib/gcc/arm-none-eabi/12.3.1/../../../../arm-none-eabi/lib/thumb/v7e-m+fp/hard/libc_nano.a(libc_a-stdio.o)
                              /opt/st/stm32cubeide_1.15.0/plugins/com.st.stm32cube.ide.mcu.externaltools.gnu-tools-for-stm32.12.3.rel1.linux64_1.0.100.202403111256/tools/bin/../lib/gcc/arm-none-eabi/12.3.1/../../../../arm-none-eabi/lib/thumb/v7e-m+fp/hard/libc_nano.a(libc_a-findfp.o) (__sread)
/opt/st/stm32cubeide_1.15.0/plugins/com.st.stm32cube.ide.mcu.externaltools.gnu-tools-for-stm32.12.3.rel1.linux64_1.0.100.202403111256/tools/bin/../lib/gcc/arm-none-eabi/12.3.1/../../../../arm-none-eabi/lib/thumb/v7e-m+fp/hard/libc_nano.a(libc_a-memset.o)
                              /opt/st/stm32cubeide_1.15.0/plugins/com.st.stm32cube.ide.mcu.externaltools.gnu-tools-for-stm32.12.3.rel1.linux64_1.0.100.202403111256/tools/bin/../lib/gcc/arm-none-eabi/12.3.1/../../../../arm-none-eabi/lib/thumb/v7e-m+fp/hard/crt0.o (memset)
/opt/st/stm32cubeide_1.15.0/plugins/com.st.stm32cube.ide.mcu.externaltools.gnu-tools-for-stm32.12.3.rel1.linux64_1.0.100.202403111256/tools/bin/../lib/gcc/arm-none-eabi/12.3.1/../../../../arm-none-eabi/lib/thumb/v7e-m+fp/hard/libc_nano.a(libc_a-strupr.o)
                              ./Src/main.o (strupr)
/opt/st/stm32cubeide_1.15.0/plugins/com.st.stm32cube.ide.mcu.externaltools.gnu-tools-for-stm32.12.3.rel1.linux64_1.0.100.202403111256/tools/bin/../lib/gcc/arm-none-eabi/12.3.1/../../../../arm-none-eabi/lib/thumb/v7e-m+fp/hard/libc_nano.a(libc_a-closer.o)
                              /opt/st/stm32cubeide_1.15.0/plugins/com.st.stm32cube.ide.mcu.externaltools.gnu-tools-for-stm32.12.3.rel1.linux64_1.0.100.202403111256/tools/bin/../lib/gcc/arm-none-eabi/12.3.1/../../../../arm-none-eabi/lib/thumb/v7e-m+fp/hard/libc_nano.a(libc_a-stdio.o) (_close_r)
/opt/st/stm32cubeide_1.15.0/plugins/com.st.stm32cube.ide.mcu.externaltools.gnu-tools-for-stm32.12.3.rel1.linux64_1.0.100.202403111256/tools/bin/../lib/gcc/arm-none-eabi/12.3.1/../../../../arm-none-eabi/lib/thumb/v7e-m+fp/hard/libc_nano.a(libc_a-reent.o)
                              ./thirdparty/FreeRTOS/tasks.o (_reclaim_reent)
/opt/st/stm32cubeide_1.15.0/plugins/com.st.stm32cube.ide.mcu.externaltools.gnu-tools-for-stm32.12.3.rel1.linux64_1.0.100.202403111256/tools/bin/../lib/gcc/arm-none-eabi/12.3.1/../../../../arm-none-eabi/lib/thumb/v7e-m+fp/hard/libc_nano.a(libc_a-impure.o)
                              ./thirdparty/FreeRTOS/tasks.o (_impure_ptr)
/opt/st/stm32cubeide_1.15.0/plugins/com.st.stm32cube.ide.mcu.externaltools.gnu-tools-for-stm32.12.3.rel1.linux64_1.0.100.202403111256/tools/bin/../lib/gcc/arm-none-eabi/12.3.1/../../../../arm-none-eabi/lib/thumb/v7e-m+fp/hard/libc_nano.a(libc_a-lseekr.o)
                              /opt/st/stm32cubeide_1.15.0/plugins/com.st.stm32cube.ide.mcu.externaltools.gnu-tools-for-stm32.12.3.rel1.linux64_1.0.100.202403111256/tools/bin/../lib/gcc/arm-none-eabi/12.3.1/../../../../arm-none-eabi/lib/thumb/v7e-m+fp/hard/libc_nano.a(libc_a-stdio.o) (_lseek_r)
/opt/st/stm32cubeide_1.15.0/plugins/com.st.stm32cube.ide.mcu.externaltools.gnu-tools-for-stm32.12.3.rel1.linux64_1.0.100.202403111256/tools/bin/../lib/gcc/arm-none-eabi/12.3.1/../../../../arm-none-eabi/lib/thumb/v7e-m+fp/hard/libc_nano.a(libc_a-readr.o)
[...]
Memory Configuration

Name             Origin             Length             Attributes
CCMRAM           0x10000000         0x00010000         xrw
RAM              0x20000000         0x00020000         xrw
FLASH            0x08000000         0x00100000         xr
*default*        0x00000000         0xffffffff

Linker script and memory map

LOAD /opt/st/stm32cubeide_1.15.0/plugins/com.st.stm32cube.ide.mcu.externaltools.gnu-tools-for-stm32.12.3.rel1.linux64_1.0.100.202403111256/tools/bin/../lib/gcc/arm-none-eabi/12.3.1/thumb/v7e-m+fp/hard/crti.o
LOAD /opt/st/stm32cubeide_1.15.0/plugins/com.st.stm32cube.ide.mcu.externaltools.gnu-tools-for-stm32.12.3.rel1.linux64_1.0.100.202403111256/tools/bin/../lib/gcc/arm-none-eabi/12.3.1/thumb/v7e-m+fp/hard/crtbegin.o
LOAD /opt/st/stm32cubeide_1.15.0/plugins/com.st.stm32cube.ide.mcu.externaltools.gnu-tools-for-stm32.12.3.rel1.linux64_1.0.100.202403111256/tools/bin/../lib/gcc/arm-none-eabi/12.3.1/../../../../arm-none-eabi/lib/thumb/v7e-m+fp/hard/crt0.o
LOAD ./Src/itm.o
LOAD ./Src/main.o
LOAD ./Src/syscalls.o
LOAD ./Src/sysmem.o
LOAD ./Src/system_stm32f4xx.o
LOAD ./Src/uart.o
LOAD ./Startup/startup_stm32f407vgtx.o
LOAD ./thirdparty/FreeRTOS/croutine.o
LOAD ./thirdparty/FreeRTOS/event_groups.o
LOAD ./thirdparty/FreeRTOS/list.o
LOAD ./thirdparty/FreeRTOS/queue.o
LOAD ./thirdparty/FreeRTOS/stream_buffer.o
LOAD ./thirdparty/FreeRTOS/tasks.o
LOAD ./thirdparty/FreeRTOS/timers.o
LOAD ./thirdparty/FreeRTOS/portable/GCC/ARM_CM4F/port.o
LOAD ./thirdparty/FreeRTOS/portable/MemMang/heap_4.o
START GROUP
LOAD /opt/st/stm32cubeide_1.15.0/plugins/com.st.stm32cube.ide.mcu.externaltools.gnu-tools-for-stm32.12.3.rel1.linux64_1.0.100.202403111256/tools/bin/../lib/gcc/arm-none-eabi/12.3.1/../../../../arm-none-eabi/lib/thumb/v7e-m+fp/hard/libc_nano.a
LOAD /opt/st/stm32cubeide_1.15.0/plugins/com.st.stm32cube.ide.mcu.externaltools.gnu-tools-for-stm32.12.3.rel1.linux64_1.0.100.202403111256/tools/bin/../lib/gcc/arm-none-eabi/12.3.1/../../../../arm-none-eabi/lib/thumb/v7e-m+fp/hard/libm.a
END GROUP
START GROUP
LOAD /opt/st/stm32cubeide_1.15.0/plugins/com.st.stm32cube.ide.mcu.externaltools.gnu-tools-for-stm32.12.3.rel1.linux64_1.0.100.202403111256/tools/bin/../lib/gcc/arm-none-eabi/12.3.1/thumb/v7e-m+fp/hard/libgcc.a
LOAD /opt/st/stm32cubeide_1.15.0/plugins/com.st.stm32cube.ide.mcu.externaltools.gnu-tools-for-stm32.12.3.rel1.linux64_1.0.100.202403111256/tools/bin/../lib/gcc/arm-none-eabi/12.3.1/../../../../arm-none-eabi/lib/thumb/v7e-m+fp/hard/libc_nano.a
END GROUP
START GROUP
LOAD /opt/st/stm32cubeide_1.15.0/plugins/com.st.stm32cube.ide.mcu.externaltools.gnu-tools-for-stm32.12.3.rel1.linux64_1.0.100.202403111256/tools/bin/../lib/gcc/arm-none-eabi/12.3.1/thumb/v7e-m+fp/hard/libgcc.a
LOAD /opt/st/stm32cubeide_1.15.0/plugins/com.st.stm32cube.ide.mcu.externaltools.gnu-tools-for-stm32.12.3.rel1.linux64_1.0.100.202403111256/tools/bin/../lib/gcc/arm-none-eabi/12.3.1/../../../../arm-none-eabi/lib/thumb/v7e-m+fp/hard/libc_nano.a
LOAD /opt/st/stm32cubeide_1.15.0/plugins/com.st.stm32cube.ide.mcu.externaltools.gnu-tools-for-stm32.12.3.rel1.linux64_1.0.100.202403111256/tools/bin/../lib/gcc/arm-none-eabi/12.3.1/../../../../arm-none-eabi/lib/thumb/v7e-m+fp/hard/libnosys.a
END GROUP
START GROUP
LOAD /opt/st/stm32cubeide_1.15.0/plugins/com.st.stm32cube.ide.mcu.externaltools.gnu-tools-for-stm32.12.3.rel1.linux64_1.0.100.202403111256/tools/bin/../lib/gcc/arm-none-eabi/12.3.1/thumb/v7e-m+fp/hard/libgcc.a
LOAD /opt/st/stm32cubeide_1.15.0/plugins/com.st.stm32cube.ide.mcu.externaltools.gnu-tools-for-stm32.12.3.rel1.linux64_1.0.100.202403111256/tools/bin/../lib/gcc/arm-none-eabi/12.3.1/../../../../arm-none-eabi/lib/thumb/v7e-m+fp/hard/libc_nano.a
LOAD /opt/st/stm32cubeide_1.15.0/plugins/com.st.stm32cube.ide.mcu.externaltools.gnu-tools-for-stm32.12.3.rel1.linux64_1.0.100.202403111256/tools/bin/../lib/gcc/arm-none-eabi/12.3.1/../../../../arm-none-eabi/lib/thumb/v7e-m+fp/hard/libnosys.a
END GROUP
LOAD /opt/st/stm32cubeide_1.15.0/plugins/com.st.stm32cube.ide.mcu.externaltools.gnu-tools-for-stm32.12.3.rel1.linux64_1.0.100.202403111256/tools/bin/../lib/gcc/arm-none-eabi/12.3.1/thumb/v7e-m+fp/hard/crtend.o
LOAD /opt/st/stm32cubeide_1.15.0/plugins/com.st.stm32cube.ide.mcu.externaltools.gnu-tools-for-stm32.12.3.rel1.linux64_1.0.100.202403111256/tools/bin/../lib/gcc/arm-none-eabi/12.3.1/thumb/v7e-m+fp/hard/crtn.o
                0x20020000                        _estack = (ORIGIN (RAM) + LENGTH (RAM))
                0x00000200                        _Min_Heap_Size = 0x200
                0x00000400                        _Min_Stack_Size = 0x400

.isr_vector     0x08000000      0x188
                0x08000000                        . = ALIGN (0x4)
 *(.isr_vector)
 .isr_vector    0x08000000      0x188 ./Startup/startup_stm32f407vgtx.o
                0x08000000                g_pfnVectors
                0x08000188                        . = ALIGN (0x4)

.text           0x08000190      0x770
                0x08000190                        . = ALIGN (0x4)
 *(.text)
 .text          0x08000190       0x40 /opt/st/stm32cubeide_1.15.0/plugins/com.st.stm32cube.ide.mcu.externaltools.gnu-tools-for-stm32.12.3.rel1.linux64_1.0.100.202403111256/tools/bin/../lib/gcc/arm-none-eabi/12.3.1/thumb/v7e-m+fp/hard/crtbegin.o
 *(.text*)
 .text.main     0x080001d0       0x38 ./Src/main.o
                0x080001d0                main
 .text.SystemInit
                0x08000208        0xc ./Src/system_stm32f4xx.o
                0x08000208                SystemInit
 .text.DWT_Init
                0x08000214       0x60 ./Src/system_stm32f4xx.o
                0x08000214                DWT_Init
 .text.UartInit
                0x08000274       0xdc ./Src/uart.o
                0x08000274                UartInit
 .text.UartPutch
                0x08000350       0x30 ./Src/uart.o
                0x08000350                UartPutch
 .text.UartGetch
                0x08000380       0x2c ./Src/uart.o
                0x08000380                UartGetch
 .text.UartPuts
                0x080003ac       0x38 ./Src/uart.o
                0x080003ac                UartPuts
 .text.UartGets
                0x080003e4       0x4c ./Src/uart.o
                0x080003e4                UartGets
 .text.Reset_Handler
                0x08000430       0x50 ./Startup/startup_stm32f407vgtx.o
                0x08000430                Reset_Handler
 .text.Default_Handler
                0x08000480        0x2 ./Startup/startup_stm32f407vgtx.o
                0x08000480                RTC_Alarm_IRQHandler
                0x08000480                HASH_RNG_IRQHandler
                0x08000480                EXTI2_IRQHandler
                0x08000480                TIM8_CC_IRQHandler
                0x08000480                DebugMon_Handler
                0x08000480                TIM1_CC_IRQHandler
                0x08000480                DMA2_Stream5_IRQHandler
                0x08000480                HardFault_Handler
                0x08000480                DMA1_Stream5_IRQHandler
                0x08000480                PVD_IRQHandler
                0x08000480                SDIO_IRQHandler
                0x08000480                TAMP_STAMP_IRQHandler
                0x08000480                NMI_Handler
                0x08000480                CAN2_RX1_IRQHandler
                0x08000480                EXTI3_IRQHandler
                0x08000480                TIM8_TRG_COM_TIM14_IRQHandler
                0x08000480                TIM1_UP_TIM10_IRQHandler
                0x08000480                TIM8_UP_TIM13_IRQHandler
                0x08000480                I2C3_ER_IRQHandler
                0x08000480                EXTI0_IRQHandler
                0x08000480                I2C2_EV_IRQHandler
                0x08000480                DMA1_Stream2_IRQHandler
                0x08000480                CAN1_RX0_IRQHandler
                0x08000480                FPU_IRQHandler
                0x08000480                OTG_HS_WKUP_IRQHandler
                0x08000480                UsageFault_Handler
                0x08000480                CAN2_SCE_IRQHandler
                0x08000480                DMA2_Stream2_IRQHandler
                0x08000480                SPI1_IRQHandler
                0x08000480                TIM6_DAC_IRQHandler
                0x08000480                TIM1_BRK_TIM9_IRQHandler
                0x08000480                DCMI_IRQHandler
                0x08000480                CAN2_RX0_IRQHandler
                0x08000480                DMA2_Stream3_IRQHandler
                0x08000480                USART6_IRQHandler
                0x08000480                USART3_IRQHandler
                0x08000480                CRYP_IRQHandler
                0x08000480                CAN1_RX1_IRQHandler
                0x08000480                UART5_IRQHandler
                0x08000480                DMA2_Stream0_IRQHandler
                0x08000480                TIM4_IRQHandler
                0x08000480                I2C1_EV_IRQHandler
                0x08000480                DMA1_Stream6_IRQHandler
                0x08000480                DMA1_Stream1_IRQHandler
                0x08000480                UART4_IRQHandler
                0x08000480                TIM3_IRQHandler
                0x08000480                RCC_IRQHandler
                0x08000480                TIM8_BRK_TIM12_IRQHandler
                0x08000480                Default_Handler
                0x08000480                EXTI15_10_IRQHandler
                0x08000480                ADC_IRQHandler
                0x08000480                DMA1_Stream7_IRQHandler
                0x08000480                TIM7_IRQHandler
                0x08000480                CAN2_TX_IRQHandler
                0x08000480                TIM5_IRQHandler
                0x08000480                DMA2_Stream7_IRQHandler
                0x08000480                I2C3_EV_IRQHandler
                0x08000480                EXTI9_5_IRQHandler
                0x08000480                RTC_WKUP_IRQHandler
                0x08000480                ETH_WKUP_IRQHandler
                0x08000480                SPI2_IRQHandler
                0x08000480                OTG_HS_EP1_IN_IRQHandler
                0x08000480                MemManage_Handler
                0x08000480                DMA1_Stream0_IRQHandler
                0x08000480                CAN1_TX_IRQHandler
                0x08000480                EXTI4_IRQHandler
                0x08000480                FSMC_IRQHandler
                0x08000480                ETH_IRQHandler
                0x08000480                OTG_HS_EP1_OUT_IRQHandler
                0x08000480                WWDG_IRQHandler
                0x08000480                TIM2_IRQHandler
                0x08000480                OTG_FS_WKUP_IRQHandler
                0x08000480                TIM1_TRG_COM_TIM11_IRQHandler
                0x08000480                OTG_HS_IRQHandler
                0x08000480                EXTI1_IRQHandler
                0x08000480                USART2_IRQHandler
                0x08000480                I2C2_ER_IRQHandler
                0x08000480                DMA2_Stream1_IRQHandler
                0x08000480                CAN1_SCE_IRQHandler
                0x08000480                DMA2_Stream4_IRQHandler
                0x08000480                BusFault_Handler
                0x08000480                USART1_IRQHandler
                0x08000480                OTG_FS_IRQHandler
                0x08000480                SPI3_IRQHandler
                0x08000480                DMA1_Stream4_IRQHandler
                0x08000480                I2C1_ER_IRQHandler
                0x08000480                DMA2_Stream6_IRQHandler
                0x08000480                DMA1_Stream3_IRQHandler
 .text.vListInsertEnd
                0x08000482       0x48 ./thirdparty/FreeRTOS/list.o
                0x08000482                vListInsertEnd
 .text.uxListRemove
                0x080004ca       0x54 ./thirdparty/FreeRTOS/list.o
                0x080004ca                uxListRemove
 *fill*         0x0800051e        0x2 
 .text.xTaskIncrementTick
                0x08000520      0x174 ./thirdparty/FreeRTOS/tasks.o
                0x08000520                xTaskIncrementTick
 .text.vTaskSwitchContext
                0x08000694       0xc8 ./thirdparty/FreeRTOS/tasks.o
                0x08000694                vTaskSwitchContext
 .text.prvResetNextTaskUnblockTime
                0x0800075c       0x38 ./thirdparty/FreeRTOS/tasks.o
 *fill*         0x08000794        0xc 
 .text.SVC_Handler
                0x080007a0       0x28 ./thirdparty/FreeRTOS/portable/GCC/ARM_CM4F/port.o
                0x080007a0                SVC_Handler
 *fill*         0x080007c8        0x8 
 .text.PendSV_Handler
                0x080007d0       0x68 ./thirdparty/FreeRTOS/portable/GCC/ARM_CM4F/port.o
                0x080007d0                PendSV_Handler
 .text.SysTick_Handler
                0x08000838       0x44 ./thirdparty/FreeRTOS/portable/GCC/ARM_CM4F/port.o
                0x08000838                SysTick_Handler
 .text.strupr   0x0800087c       0x24 /opt/st/stm32cubeide_1.15.0/plugins/com.st.stm32cube.ide.mcu.externaltools.gnu-tools-for-stm32.12.3.rel1.linux64_1.0.100.202403111256/tools/bin/../lib/gcc/arm-none-eabi/12.3.1/../../../../arm-none-eabi/lib/thumb/v7e-m+fp/hard/libc_nano.a(libc_a-strupr.o)
                0x0800087c                strupr
 .text.__libc_init_array
                0x080008a0       0x48 /opt/st/stm32cubeide_1.15.0/plugins/com.st.stm32cube.ide.mcu.externaltools.gnu-tools-for-stm32.12.3.rel1.linux64_1.0.100.202403111256/tools/bin/../lib/gcc/arm-none-eabi/12.3.1/../../../../arm-none-eabi/lib/thumb/v7e-m+fp/hard/libc_nano.a(libc_a-init.o)
                0x080008a0                __libc_init_array
 *(.glue_7)
 .glue_7        0x080008e8        0x0 linker stubs
 *(.glue_7t)
 .glue_7t       0x080008e8        0x0 linker stubs
 *(.eh_frame)
 .eh_frame      0x080008e8        0x0 /opt/st/stm32cubeide_1.15.0/plugins/com.st.stm32cube.ide.mcu.externaltools.gnu-tools-for-stm32.12.3.rel1.linux64_1.0.100.202403111256/tools/bin/../lib/gcc/arm-none-eabi/12.3.1/thumb/v7e-m+fp/hard/crtbegin.o
 *(.init)
 .init          0x080008e8        0x4 /opt/st/stm32cubeide_1.15.0/plugins/com.st.stm32cube.ide.mcu.externaltools.gnu-tools-for-stm32.12.3.rel1.linux64_1.0.100.202403111256/tools/bin/../lib/gcc/arm-none-eabi/12.3.1/thumb/v7e-m+fp/hard/crti.o
                0x080008e8                _init
 .init          0x080008ec        0x8 /opt/st/stm32cubeide_1.15.0/plugins/com.st.stm32cube.ide.mcu.externaltools.gnu-tools-for-stm32.12.3.rel1.linux64_1.0.100.202403111256/tools/bin/../lib/gcc/arm-none-eabi/12.3.1/thumb/v7e-m+fp/hard/crtn.o
 *(.fini)
 .fini          0x080008f4        0x4 /opt/st/stm32cubeide_1.15.0/plugins/com.st.stm32cube.ide.mcu.externaltools.gnu-tools-for-stm32.12.3.rel1.linux64_1.0.100.202403111256/tools/bin/../lib/gcc/arm-none-eabi/12.3.1/thumb/v7e-m+fp/hard/crti.o
                0x080008f4                _fini
 .fini          0x080008f8        0x8 /opt/st/stm32cubeide_1.15.0/plugins/com.st.stm32cube.ide.mcu.externaltools.gnu-tools-for-stm32.12.3.rel1.linux64_1.0.100.202403111256/tools/bin/../lib/gcc/arm-none-eabi/12.3.1/thumb/v7e-m+fp/hard/crtn.o
                0x08000900                        . = ALIGN (0x4)
                0x08000900                        _etext = .

.vfp11_veneer   0x08000900        0x0
 .vfp11_veneer  0x08000900        0x0 linker stubs

.v4_bx          0x08000900        0x0
 .v4_bx         0x08000900        0x0 linker stubs

.iplt           0x08000900        0x0
 .iplt          0x08000900        0x0 /opt/st/stm32cubeide_1.15.0/plugins/com.st.stm32cube.ide.mcu.externaltools.gnu-tools-for-stm32.12.3.rel1.linux64_1.0.100.202403111256/tools/bin/../lib/gcc/arm-none-eabi/12.3.1/thumb/v7e-m+fp/hard/crtbegin.o

.rodata         0x08000900      0x114
                0x08000900                        . = ALIGN (0x4)
 *(.rodata)
 .rodata        0x08000900       0x13 ./Src/main.o
 *(.rodata*)
 .rodata._ctype_
                0x08000913      0x101 /opt/st/stm32cubeide_1.15.0/plugins/com.st.stm32cube.ide.mcu.externaltools.gnu-tools-for-stm32.12.3.rel1.linux64_1.0.100.202403111256/tools/bin/../lib/gcc/arm-none-eabi/12.3.1/../../../../arm-none-eabi/lib/thumb/v7e-m+fp/hard/libc_nano.a(libc_a-ctype_.o)
                0x08000913                _ctype_
                0x08000a14                        . = ALIGN (0x4)

.ARM.extab      0x08000a14        0x0
                0x08000a14                        . = ALIGN (0x4)
 *(.ARM.extab* .gnu.linkonce.armextab.*)
                0x08000a14                        . = ALIGN (0x4)

.ARM            0x08000a14        0x0
                0x08000a14                        . = ALIGN (0x4)
                0x08000a14                        __exidx_start = .
 *(.ARM.exidx*)
                0x08000a14                        __exidx_end = .
                0x08000a14                        . = ALIGN (0x4)

.preinit_array  0x08000a14        0x0
                0x08000a14                        . = ALIGN (0x4)
                0x08000a14                        PROVIDE (__preinit_array_start = .)
 *(.preinit_array*)
                0x08000a14                        PROVIDE (__preinit_array_end = .)
                0x08000a14                        . = ALIGN (0x4)

.init_array     0x08000a14        0x4
                0x08000a14                        . = ALIGN (0x4)
                0x08000a14                        PROVIDE (__init_array_start = .)
 *(SORT_BY_NAME(.init_array.*))
 *(.init_array*)
 .init_array    0x08000a14        0x4 /opt/st/stm32cubeide_1.15.0/plugins/com.st.stm32cube.ide.mcu.externaltools.gnu-tools-for-stm32.12.3.rel1.linux64_1.0.100.202403111256/tools/bin/../lib/gcc/arm-none-eabi/12.3.1/thumb/v7e-m+fp/hard/crtbegin.o
                0x08000a18                        PROVIDE (__init_array_end = .)
                0x08000a18                        . = ALIGN (0x4)

.fini_array     0x08000a18        0x4
                0x08000a18                        . = ALIGN (0x4)
                [!provide]                        PROVIDE (__fini_array_start = .)
 *(SORT_BY_NAME(.fini_array.*))
 *(.fini_array*)
 .fini_array    0x08000a18        0x4 /opt/st/stm32cubeide_1.15.0/plugins/com.st.stm32cube.ide.mcu.externaltools.gnu-tools-for-stm32.12.3.rel1.linux64_1.0.100.202403111256/tools/bin/../lib/gcc/arm-none-eabi/12.3.1/thumb/v7e-m+fp/hard/crtbegin.o
                [!provide]                        PROVIDE (__fini_array_end = .)
                0x08000a1c                        . = ALIGN (0x4)
                0x08000a1c                        _sidata = LOADADDR (.data)

.rel.dyn        0x08000a1c        0x0
 .rel.iplt      0x08000a1c        0x0 /opt/st/stm32cubeide_1.15.0/plugins/com.st.stm32cube.ide.mcu.externaltools.gnu-tools-for-stm32.12.3.rel1.linux64_1.0.100.202403111256/tools/bin/../lib/gcc/arm-none-eabi/12.3.1/thumb/v7e-m+fp/hard/crtbegin.o

.data           0x20000000       0x50 load address 0x08000a1c
                0x20000000                        . = ALIGN (0x4)
                0x20000000                        _sdata = .
 *(.data)
 *(.data*)
 .data._impure_ptr
                0x20000000        0x4 /opt/st/stm32cubeide_1.15.0/plugins/com.st.stm32cube.ide.mcu.externaltools.gnu-tools-for-stm32.12.3.rel1.linux64_1.0.100.202403111256/tools/bin/../lib/gcc/arm-none-eabi/12.3.1/../../../../arm-none-eabi/lib/thumb/v7e-m+fp/hard/libc_nano.a(libc_a-impure.o)
                0x20000000                _impure_ptr
 .data._impure_data
                0x20000004       0x4c /opt/st/stm32cubeide_1.15.0/plugins/com.st.stm32cube.ide.mcu.externaltools.gnu-tools-for-stm32.12.3.rel1.linux64_1.0.100.202403111256/tools/bin/../lib/gcc/arm-none-eabi/12.3.1/../../../../arm-none-eabi/lib/thumb/v7e-m+fp/hard/libc_nano.a(libc_a-impure.o)
                0x20000004                _impure_data
 *(.RamFunc)
 *(.RamFunc*)
                0x20000050                        . = ALIGN (0x4)
                0x20000050                        _edata = .
                0x08000a6c                        _siccmram = LOADADDR (.ccmram)

.igot.plt       0x20000050        0x0 load address 0x08000a6c
 .igot.plt      0x20000050        0x0 /opt/st/stm32cubeide_1.15.0/plugins/com.st.stm32cube.ide.mcu.externaltools.gnu-tools-for-stm32.12.3.rel1.linux64_1.0.100.202403111256/tools/bin/../lib/gcc/arm-none-eabi/12.3.1/thumb/v7e-m+fp/hard/crtbegin.o

.ccmram         0x10000000        0x0 load address 0x08000a6c
                0x10000000                        . = ALIGN (0x4)
                0x10000000                        _sccmram = .
 *(.ccmram)
 *(.ccmram*)
                0x10000000                        . = ALIGN (0x4)
                0x10000000                        _eccmram = .
                0x10000000                        . = ALIGN (0x4)

.bss            0x20000050      0x208
                0x20000050                        _sbss = .
                0x20000050                        __bss_start__ = _sbss
 *(.bss)
 .bss           0x20000050       0x1c /opt/st/stm32cubeide_1.15.0/plugins/com.st.stm32cube.ide.mcu.externaltools.gnu-tools-for-stm32.12.3.rel1.linux64_1.0.100.202403111256/tools/bin/../lib/gcc/arm-none-eabi/12.3.1/thumb/v7e-m+fp/hard/crtbegin.o
 *(.bss*)
 .bss.pxCurrentTCB
                0x2000006c        0x4 ./thirdparty/FreeRTOS/tasks.o
                0x2000006c                pxCurrentTCB
 .bss.pxReadyTasksLists
                0x20000070       0x8c ./thirdparty/FreeRTOS/tasks.o
 .bss.pxDelayedTaskList
                0x200000fc        0x4 ./thirdparty/FreeRTOS/tasks.o
 .bss.pxOverflowDelayedTaskList
                0x20000100        0x4 ./thirdparty/FreeRTOS/tasks.o
 .bss.xTickCount
                0x20000104        0x4 ./thirdparty/FreeRTOS/tasks.o
 .bss.uxTopReadyPriority
                0x20000108        0x4 ./thirdparty/FreeRTOS/tasks.o
 .bss.xPendedTicks
                0x2000010c        0x4 ./thirdparty/FreeRTOS/tasks.o
 .bss.xYieldPending
                0x20000110        0x4 ./thirdparty/FreeRTOS/tasks.o
 .bss.xNumOfOverflows
                0x20000114        0x4 ./thirdparty/FreeRTOS/tasks.o
 .bss.xNextTaskUnblockTime
                0x20000118        0x4 ./thirdparty/FreeRTOS/tasks.o
 .bss.uxSchedulerSuspended
                0x2000011c        0x4 ./thirdparty/FreeRTOS/tasks.o
 .bss.__sf      0x20000120      0x138 /opt/st/stm32cubeide_1.15.0/plugins/com.st.stm32cube.ide.mcu.externaltools.gnu-tools-for-stm32.12.3.rel1.linux64_1.0.100.202403111256/tools/bin/../lib/gcc/arm-none-eabi/12.3.1/../../../../arm-none-eabi/lib/thumb/v7e-m+fp/hard/libc_nano.a(libc_a-findfp.o)
                0x20000120                __sf
 *(COMMON)
                0x20000258                        . = ALIGN (0x4)
                0x20000258                        _ebss = .
                0x20000258                        __bss_end__ = _ebss

._user_heap_stack
                0x20000258      0x600
                0x20000258                        . = ALIGN (0x8)
                [!provide]                        PROVIDE (end = .)
                0x20000258                        PROVIDE (_end = .)
                0x20000458                        . = (. + _Min_Heap_Size)
 *fill*         0x20000258      0x200 
                0x20000858                        . = (. + _Min_Stack_Size)
 *fill*         0x20000458      0x400 
                0x20000858                        . = ALIGN (0x8)

/DISCARD/
 libc.a(*)
 libm.a(*)
 libgcc.a(*)

.ARM.attributes
                0x00000000       0x30
 *(.ARM.attributes)
 .ARM.attributes
                0x00000000       0x22 /opt/st/stm32cubeide_1.15.0/plugins/com.st.stm32cube.ide.mcu.externaltools.gnu-tools-for-stm32.12.3.rel1.linux64_1.0.100.202403111256/tools/bin/../lib/gcc/arm-none-eabi/12.3.1/thumb/v7e-m+fp/hard/crti.o
 .ARM.attributes
                0x00000022       0x34 /opt/st/stm32cubeide_1.15.0/plugins/com.st.stm32cube.ide.mcu.externaltools.gnu-tools-for-stm32.12.3.rel1.linux64_1.0.100.202403111256/tools/bin/../lib/gcc/arm-none-eabi/12.3.1/thumb/v7e-m+fp/hard/crtbegin.o
 .ARM.attributes
                0x00000056       0x34 ./Src/main.o
 .ARM.attributes
                0x0000008a       0x34 ./Src/system_stm32f4xx.o
 .ARM.attributes
                0x000000be       0x34 ./Src/uart.o
 .ARM.attributes
                0x000000f2       0x21 ./Startup/startup_stm32f407vgtx.o
 .ARM.attributes
                0x00000113       0x34 ./thirdparty/FreeRTOS/list.o
 .ARM.attributes
                0x00000147       0x34 ./thirdparty/FreeRTOS/tasks.o
 .ARM.attributes
                0x0000017b       0x34 ./thirdparty/FreeRTOS/portable/GCC/ARM_CM4F/port.o
 .ARM.attributes
                0x000001af       0x34 /opt/st/stm32cubeide_1.15.0/plugins/com.st.stm32cube.ide.mcu.externaltools.gnu-tools-for-stm32.12.3.rel1.linux64_1.0.100.202403111256/tools/bin/../lib/gcc/arm-none-eabi/12.3.1/../../../../arm-none-eabi/lib/thumb/v7e-m+fp/hard/libc_nano.a(libc_a-findfp.o)
 .ARM.attributes
                0x000001e3       0x34 /opt/st/stm32cubeide_1.15.0/plugins/com.st.stm32cube.ide.mcu.externaltools.gnu-tools-for-stm32.12.3.rel1.linux64_1.0.100.202403111256/tools/bin/../lib/gcc/arm-none-eabi/12.3.1/../../../../arm-none-eabi/lib/thumb/v7e-m+fp/hard/libc_nano.a(libc_a-strupr.o)
 .ARM.attributes
                0x00000217       0x34 /opt/st/stm32cubeide_1.15.0/plugins/com.st.stm32cube.ide.mcu.externaltools.gnu-tools-for-stm32.12.3.rel1.linux64_1.0.100.202403111256/tools/bin/../lib/gcc/arm-none-eabi/12.3.1/../../../../arm-none-eabi/lib/thumb/v7e-m+fp/hard/libc_nano.a(libc_a-impure.o)
 .ARM.attributes
                0x0000024b       0x34 /opt/st/stm32cubeide_1.15.0/plugins/com.st.stm32cube.ide.mcu.externaltools.gnu-tools-for-stm32.12.3.rel1.linux64_1.0.100.202403111256/tools/bin/../lib/gcc/arm-none-eabi/12.3.1/../../../../arm-none-eabi/lib/thumb/v7e-m+fp/hard/libc_nano.a(libc_a-init.o)
 .ARM.attributes
                0x0000027f       0x34 /opt/st/stm32cubeide_1.15.0/plugins/com.st.stm32cube.ide.mcu.externaltools.gnu-tools-for-stm32.12.3.rel1.linux64_1.0.100.202403111256/tools/bin/../lib/gcc/arm-none-eabi/12.3.1/../../../../arm-none-eabi/lib/thumb/v7e-m+fp/hard/libc_nano.a(libc_a-ctype_.o)
 .ARM.attributes
                0x000002b3       0x22 /opt/st/stm32cubeide_1.15.0/plugins/com.st.stm32cube.ide.mcu.externaltools.gnu-tools-for-stm32.12.3.rel1.linux64_1.0.100.202403111256/tools/bin/../lib/gcc/arm-none-eabi/12.3.1/thumb/v7e-m+fp/hard/crtn.o
OUTPUT(AQ1-UART.elf elf32-littlearm)
LOAD linker stubs
LOAD /opt/st/stm32cubeide_1.15.0/plugins/com.st.stm32cube.ide.mcu.externaltools.gnu-tools-for-stm32.12.3.rel1.linux64_1.0.100.202403111256/tools/bin/../lib/gcc/arm-none-eabi/12.3.1/../../../../arm-none-eabi/lib/thumb/v7e-m+fp/hard/libc.a
LOAD /opt/st/stm32cubeide_1.15.0/plugins/com.st.stm32cube.ide.mcu.externaltools.gnu-tools-for-stm32.12.3.rel1.linux64_1.0.100.202403111256/tools/bin/../lib/gcc/arm-none-eabi/12.3.1/../../../../arm-none-eabi/lib/thumb/v7e-m+fp/hard/libm.a
LOAD /opt/st/stm32cubeide_1.15.0/plugins/com.st.stm32cube.ide.mcu.externaltools.gnu-tools-for-stm32.12.3.rel1.linux64_1.0.100.202403111256/tools/bin/../lib/gcc/arm-none-eabi/12.3.1/thumb/v7e-m+fp/hard/libgcc.a

.debug_info     0x00000000     0x351c
 .debug_info    0x00000000      0x121 ./Src/main.o
 .debug_info    0x00000121      0x53c ./Src/system_stm32f4xx.o
 .debug_info    0x0000065d      0x410 ./Src/uart.o
 .debug_info    0x00000a6d       0x30 ./Startup/startup_stm32f407vgtx.o
 .debug_info    0x00000a9d      0x2af ./thirdparty/FreeRTOS/list.o
 .debug_info    0x00000d4c     0x22ef ./thirdparty/FreeRTOS/tasks.o
 .debug_info    0x0000303b      0x4e1 ./thirdparty/FreeRTOS/portable/GCC/ARM_CM4F/port.o

.debug_abbrev   0x00000000      0xab1
 .debug_abbrev  0x00000000       0xca ./Src/main.o
 .debug_abbrev  0x000000ca      0x158 ./Src/system_stm32f4xx.o
 .debug_abbrev  0x00000222      0x149 ./Src/uart.o
 .debug_abbrev  0x0000036b       0x24 ./Startup/startup_stm32f407vgtx.o
 .debug_abbrev  0x0000038f       0xf5 ./thirdparty/FreeRTOS/list.o
 .debug_abbrev  0x00000484      0x3d3 ./thirdparty/FreeRTOS/tasks.o
 .debug_abbrev  0x00000857      0x25a ./thirdparty/FreeRTOS/portable/GCC/ARM_CM4F/port.o

.debug_aranges  0x00000000      0x338
 .debug_aranges
                0x00000000       0x20 ./Src/main.o
 .debug_aranges
                0x00000020       0x38 ./Src/system_stm32f4xx.o
 .debug_aranges
                0x00000058       0x40 ./Src/uart.o
 .debug_aranges
                0x00000098       0x28 ./Startup/startup_stm32f407vgtx.o
 .debug_aranges
                0x000000c0       0x40 ./thirdparty/FreeRTOS/list.o
 .debug_aranges
                0x00000100      0x1b8 ./thirdparty/FreeRTOS/tasks.o
 .debug_aranges
                0x000002b8       0x80 ./thirdparty/FreeRTOS/portable/GCC/ARM_CM4F/port.o

.debug_rnglists
                0x00000000      0x265
 .debug_rnglists
                0x00000000       0x13 ./Src/main.o
 .debug_rnglists
                0x00000013       0x26 ./Src/system_stm32f4xx.o
 .debug_rnglists
                0x00000039       0x2c ./Src/uart.o
 .debug_rnglists
                0x00000065       0x19 ./Startup/startup_stm32f407vgtx.o
 .debug_rnglists
                0x0000007e       0x2b ./thirdparty/FreeRTOS/list.o
 .debug_rnglists
                0x000000a9      0x15f ./thirdparty/FreeRTOS/tasks.o
 .debug_rnglists
                0x00000208       0x5d ./thirdparty/FreeRTOS/portable/GCC/ARM_CM4F/port.o

.debug_macro    0x00000000    0x191c0
 .debug_macro   0x00000000      0x26b ./Src/main.o
 .debug_macro   0x0000026b       0x61 ./Src/main.o
 .debug_macro   0x000002cc       0x2a ./Src/main.o
 .debug_macro   0x000002f6       0x43 ./Src/main.o
 .debug_macro   0x00000339       0x34 ./Src/main.o
 .debug_macro   0x0000036d       0x16 ./Src/main.o
 .debug_macro   0x00000383       0x9e ./Src/main.o
 .debug_macro   0x00000421      0x369 ./Src/main.o
 .debug_macro   0x0000078a      0x10b ./Src/main.o
 .debug_macro   0x00000895       0x10 ./Src/main.o
 .debug_macro   0x000008a5       0x16 ./Src/main.o
 .debug_macro   0x000008bb       0x43 ./Src/main.o
 .debug_macro   0x000008fe       0x34 ./Src/main.o
 .debug_macro   0x00000932       0x10 ./Src/main.o
 .debug_macro   0x00000942       0x58 ./Src/main.o
 .debug_macro   0x0000099a       0x8e ./Src/main.o
 .debug_macro   0x00000a28       0x1c ./Src/main.o
 .debug_macro   0x00000a44      0x177 ./Src/main.o
 .debug_macro   0x00000bbb       0x16 ./Src/main.o
 .debug_macro   0x00000bd1       0x16 ./Src/main.o
 .debug_macro   0x00000be7      0x146 ./Src/main.o
 .debug_macro   0x00000d2d       0x16 ./Src/main.o
 .debug_macro   0x00000d43       0x35 ./Src/main.o
 .debug_macro   0x00000d78       0x20 ./Src/main.o
 .debug_macro   0x00000d98       0x2e ./Src/main.o
 .debug_macro   0x00000dc6       0x2f ./Src/main.o
 .debug_macro   0x00000df5       0x1c ./Src/main.o
 .debug_macro   0x00000e11       0x22 ./Src/main.o
 .debug_macro   0x00000e33       0xd9 ./Src/main.o
 .debug_macro   0x00000f0c     0x102d ./Src/main.o
 .debug_macro   0x00001f39      0x11f ./Src/main.o
 .debug_macro   0x00002058       0x11 ./Src/main.o
 .debug_macro   0x00002069    0x15e3c ./Src/main.o
 .debug_macro   0x00017ea5       0x4a ./Src/main.o
 .debug_macro   0x00017eef       0x28 ./Src/main.o
 .debug_macro   0x00017f17       0xf1 ./Src/main.o
 .debug_macro   0x00018008      0x15a ./Src/main.o
 .debug_macro   0x00018162       0xe4 ./Src/main.o
 .debug_macro   0x00018246       0x1c ./Src/main.o
 .debug_macro   0x00018262       0x26 ./Src/main.o
 .debug_macro   0x00018288       0x16 ./Src/main.o
 .debug_macro   0x0001829e      0x50c ./Src/main.o
 .debug_macro   0x000187aa       0xb5 ./Src/main.o
 .debug_macro   0x0001885f      0x120 ./Src/main.o
 .debug_macro   0x0001897f       0xe0 ./Src/system_stm32f4xx.o
 .debug_macro   0x00018a5f       0xee ./Src/uart.o
 .debug_macro   0x00018b4d      0x1a5 ./thirdparty/FreeRTOS/list.o
 .debug_macro   0x00018cf2      0x28b ./thirdparty/FreeRTOS/tasks.o
 .debug_macro   0x00018f7d       0x10 ./thirdparty/FreeRTOS/tasks.o
 .debug_macro   0x00018f8d      0x233 ./thirdparty/FreeRTOS/portable/GCC/ARM_CM4F/port.o

.debug_line     0x00000000     0x3939
 .debug_line    0x00000000      0x667 ./Src/main.o
 .debug_line    0x00000667      0x4d6 ./Src/system_stm32f4xx.o
 .debug_line    0x00000b3d      0x544 ./Src/uart.o
 .debug_line    0x00001081       0x7b ./Startup/startup_stm32f407vgtx.o
 .debug_line    0x000010fc      0x699 ./thirdparty/FreeRTOS/list.o
 .debug_line    0x00001795     0x1930 ./thirdparty/FreeRTOS/tasks.o
 .debug_line    0x000030c5      0x874 ./thirdparty/FreeRTOS/portable/GCC/ARM_CM4F/port.o

.debug_str      0x00000000    0x92b3a
 .debug_str     0x00000000    0x8ff91 ./Src/main.o
                              0x90198 (size before relaxing)
 .debug_str     0x0008ff91      0x297 ./Src/system_stm32f4xx.o
                              0x87dd8 (size before relaxing)
 .debug_str     0x00090228       0x8d ./Src/uart.o
                              0x87d59 (size before relaxing)
 .debug_str     0x000902b5       0x3f ./Startup/startup_stm32f407vgtx.o
                                 0x6d (size before relaxing)
 .debug_str     0x000902f4      0x271 ./thirdparty/FreeRTOS/list.o
                               0xac5f (size before relaxing)
 .debug_str     0x00090565     0x1e6e ./thirdparty/FreeRTOS/tasks.o
                               0xde01 (size before relaxing)
 .debug_str     0x000923d3      0x767 ./thirdparty/FreeRTOS/portable/GCC/ARM_CM4F/port.o
                               0xaf92 (size before relaxing)

.comment        0x00000000       0x43
 .comment       0x00000000       0x43 ./Src/main.o
                                 0x44 (size before relaxing)
 .comment       0x00000043       0x44 ./Src/system_stm32f4xx.o
 .comment       0x00000043       0x44 ./Src/uart.o
 .comment       0x00000043       0x44 ./thirdparty/FreeRTOS/list.o
 .comment       0x00000043       0x44 ./thirdparty/FreeRTOS/tasks.o
 .comment       0x00000043       0x44 ./thirdparty/FreeRTOS/portable/GCC/ARM_CM4F/port.o

.debug_frame    0x00000000      0xd04
 .debug_frame   0x00000000       0x30 ./Src/main.o
 .debug_frame   0x00000030       0x84 ./Src/system_stm32f4xx.o
 .debug_frame   0x000000b4       0xd0 ./Src/uart.o
 .debug_frame   0x00000184       0xd8 ./thirdparty/FreeRTOS/list.o
 .debug_frame   0x0000025c      0x768 ./thirdparty/FreeRTOS/tasks.o
 .debug_frame   0x000009c4      0x1a8 ./thirdparty/FreeRTOS/portable/GCC/ARM_CM4F/port.o
 .debug_frame   0x00000b6c      0x144 /opt/st/stm32cubeide_1.15.0/plugins/com.st.stm32cube.ide.mcu.externaltools.gnu-tools-for-stm32.12.3.rel1.linux64_1.0.100.202403111256/tools/bin/../lib/gcc/arm-none-eabi/12.3.1/../../../../arm-none-eabi/lib/thumb/v7e-m+fp/hard/libc_nano.a(libc_a-findfp.o)
 .debug_frame   0x00000cb0       0x28 /opt/st/stm32cubeide_1.15.0/plugins/com.st.stm32cube.ide.mcu.externaltools.gnu-tools-for-stm32.12.3.rel1.linux64_1.0.100.202403111256/tools/bin/../lib/gcc/arm-none-eabi/12.3.1/../../../../arm-none-eabi/lib/thumb/v7e-m+fp/hard/libc_nano.a(libc_a-strupr.o)
 .debug_frame   0x00000cd8       0x2c /opt/st/stm32cubeide_1.15.0/plugins/com.st.stm32cube.ide.mcu.externaltools.gnu-tools-for-stm32.12.3.rel1.linux64_1.0.100.202403111256/tools/bin/../lib/gcc/arm-none-eabi/12.3.1/../../../../arm-none-eabi/lib/thumb/v7e-m+fp/hard/libc_nano.a(libc_a-init.o)

.debug_loclists
                0x00000000       0x1f
 .debug_loclists
                0x00000000       0x1f ./Src/system_stm32f4xx.o

.debug_line_str
                0x00000000       0x51
 .debug_line_str
                0x00000000       0x51 ./Startup/startup_stm32f407vgtx.o
